Component: ARM Compiler 5.06 update 7 (build 960) Tool: armlink [4d3601]

==============================================================================

Section Cross References

    startup_stm32f10x_md.o(STACK) refers (Special) to heapauxi.o(.text) for __use_two_region_memory
    startup_stm32f10x_md.o(HEAP) refers (Special) to heapauxi.o(.text) for __use_two_region_memory
    startup_stm32f10x_md.o(RESET) refers (Special) to heapauxi.o(.text) for __use_two_region_memory
    startup_stm32f10x_md.o(RESET) refers to startup_stm32f10x_md.o(STACK) for __initial_sp
    startup_stm32f10x_md.o(RESET) refers to startup_stm32f10x_md.o(.text) for Reset_Handler
    startup_stm32f10x_md.o(RESET) refers to stm32f10x_it.o(i.NMI_Handler) for NMI_Handler
    startup_stm32f10x_md.o(RESET) refers to stm32f10x_it.o(i.HardFault_Handler) for HardFault_Handler
    startup_stm32f10x_md.o(RESET) refers to stm32f10x_it.o(i.MemManage_Handler) for MemManage_Handler
    startup_stm32f10x_md.o(RESET) refers to stm32f10x_it.o(i.BusFault_Handler) for BusFault_Handler
    startup_stm32f10x_md.o(RESET) refers to stm32f10x_it.o(i.UsageFault_Handler) for UsageFault_Handler
    startup_stm32f10x_md.o(RESET) refers to stm32f10x_it.o(i.SVC_Handler) for SVC_Handler
    startup_stm32f10x_md.o(RESET) refers to stm32f10x_it.o(i.DebugMon_Handler) for DebugMon_Handler
    startup_stm32f10x_md.o(RESET) refers to stm32f10x_it.o(i.PendSV_Handler) for PendSV_Handler
    startup_stm32f10x_md.o(RESET) refers to stm32f10x_it.o(i.SysTick_Handler) for SysTick_Handler
    startup_stm32f10x_md.o(RESET) refers to drivers_port.o(i.USART1_IRQHandler) for USART1_IRQHandler
    startup_stm32f10x_md.o(.text) refers (Special) to heapauxi.o(.text) for __use_two_region_memory
    startup_stm32f10x_md.o(.text) refers to system_stm32f10x.o(i.SystemInit) for SystemInit
    startup_stm32f10x_md.o(.text) refers to __main.o(!!!main) for __main
    startup_stm32f10x_md.o(.text) refers to startup_stm32f10x_md.o(HEAP) for Heap_Mem
    startup_stm32f10x_md.o(.text) refers to startup_stm32f10x_md.o(STACK) for Stack_Mem
    system_stm32f10x.o(i.SetSysClock) refers to system_stm32f10x.o(i.SetSysClockTo72) for SetSysClockTo72
    system_stm32f10x.o(i.SystemCoreClockUpdate) refers to system_stm32f10x.o(.data) for SystemCoreClock
    system_stm32f10x.o(i.SystemInit) refers to system_stm32f10x.o(i.SetSysClock) for SetSysClock
    stm32f10x_adc.o(i.ADC_DeInit) refers to stm32f10x_rcc.o(i.RCC_APB2PeriphResetCmd) for RCC_APB2PeriphResetCmd
    stm32f10x_bkp.o(i.BKP_DeInit) refers to stm32f10x_rcc.o(i.RCC_BackupResetCmd) for RCC_BackupResetCmd
    stm32f10x_can.o(i.CAN_DeInit) refers to stm32f10x_rcc.o(i.RCC_APB1PeriphResetCmd) for RCC_APB1PeriphResetCmd
    stm32f10x_can.o(i.CAN_GetITStatus) refers to stm32f10x_can.o(i.CheckITStatus) for CheckITStatus
    stm32f10x_cec.o(i.CEC_DeInit) refers to stm32f10x_rcc.o(i.RCC_APB1PeriphResetCmd) for RCC_APB1PeriphResetCmd
    stm32f10x_dac.o(i.DAC_DeInit) refers to stm32f10x_rcc.o(i.RCC_APB1PeriphResetCmd) for RCC_APB1PeriphResetCmd
    stm32f10x_flash.o(i.FLASH_EnableWriteProtection) refers to stm32f10x_flash.o(i.FLASH_WaitForLastOperation) for FLASH_WaitForLastOperation
    stm32f10x_flash.o(i.FLASH_EraseAllBank1Pages) refers to stm32f10x_flash.o(i.FLASH_WaitForLastBank1Operation) for FLASH_WaitForLastBank1Operation
    stm32f10x_flash.o(i.FLASH_EraseAllPages) refers to stm32f10x_flash.o(i.FLASH_WaitForLastOperation) for FLASH_WaitForLastOperation
    stm32f10x_flash.o(i.FLASH_EraseOptionBytes) refers to stm32f10x_flash.o(i.FLASH_GetReadOutProtectionStatus) for FLASH_GetReadOutProtectionStatus
    stm32f10x_flash.o(i.FLASH_EraseOptionBytes) refers to stm32f10x_flash.o(i.FLASH_WaitForLastOperation) for FLASH_WaitForLastOperation
    stm32f10x_flash.o(i.FLASH_ErasePage) refers to stm32f10x_flash.o(i.FLASH_WaitForLastOperation) for FLASH_WaitForLastOperation
    stm32f10x_flash.o(i.FLASH_ProgramHalfWord) refers to stm32f10x_flash.o(i.FLASH_WaitForLastOperation) for FLASH_WaitForLastOperation
    stm32f10x_flash.o(i.FLASH_ProgramOptionByteData) refers to stm32f10x_flash.o(i.FLASH_WaitForLastOperation) for FLASH_WaitForLastOperation
    stm32f10x_flash.o(i.FLASH_ProgramWord) refers to stm32f10x_flash.o(i.FLASH_WaitForLastOperation) for FLASH_WaitForLastOperation
    stm32f10x_flash.o(i.FLASH_ReadOutProtection) refers to stm32f10x_flash.o(i.FLASH_WaitForLastOperation) for FLASH_WaitForLastOperation
    stm32f10x_flash.o(i.FLASH_UserOptionByteConfig) refers to stm32f10x_flash.o(i.FLASH_WaitForLastOperation) for FLASH_WaitForLastOperation
    stm32f10x_flash.o(i.FLASH_WaitForLastBank1Operation) refers to stm32f10x_flash.o(i.FLASH_GetBank1Status) for FLASH_GetBank1Status
    stm32f10x_flash.o(i.FLASH_WaitForLastOperation) refers to stm32f10x_flash.o(i.FLASH_GetBank1Status) for FLASH_GetBank1Status
    stm32f10x_gpio.o(i.GPIO_AFIODeInit) refers to stm32f10x_rcc.o(i.RCC_APB2PeriphResetCmd) for RCC_APB2PeriphResetCmd
[...]
    i.USART_GetFlagStatus                    0x0800323a   Section        0  stm32f10x_usart.o(i.USART_GetFlagStatus)
    i.USART_GetITStatus                      0x08003254   Section        0  stm32f10x_usart.o(i.USART_GetITStatus)
    i.USART_ITConfig                         0x080032a8   Section        0  stm32f10x_usart.o(i.USART_ITConfig)
    i.USART_Init                             0x080032f4   Section        0  stm32f10x_usart.o(i.USART_Init)
    i.USART_ReceiveData                      0x080033cc   Section        0  stm32f10x_usart.o(i.USART_ReceiveData)
    i.USART_SendData                         0x080033d6   Section        0  stm32f10x_usart.o(i.USART_SendData)
    i.UsageFault_Handler                     0x080033de   Section        0  stm32f10x_it.o(i.UsageFault_Handler)
    i.__ARM_fpclassify                       0x080033e2   Section        0  fpclassify.o(i.__ARM_fpclassify)
    i._is_digit                              0x0800340a   Section        0  __printf_wp.o(i._is_digit)
    i.adc1_init                              0x08003418   Section        0  drivers_port.o(i.adc1_init)
    adc1_init                                0x08003419   Thumb Code   122  drivers_port.o(i.adc1_init)
    i.apply_outputs                          0x08003498   Section        0  home_device_app.o(i.apply_outputs)
    apply_outputs                            0x08003499   Thumb Code    84  home_device_app.o(i.apply_outputs)
    i.dht11_cycle_counter_init               0x08003500   Section        0  drivers_port.o(i.dht11_cycle_counter_init)
    dht11_cycle_counter_init                 0x08003501   Thumb Code    30  drivers_port.o(i.dht11_cycle_counter_init)
    i.dht11_cycles_per_us                    0x08003528   Section        0  drivers_port.o(i.dht11_cycles_per_us)
    dht11_cycles_per_us                      0x08003529   Thumb Code    20  drivers_port.o(i.dht11_cycles_per_us)
    i.dht11_delay_us                         0x08003544   Section        0  drivers_port.o(i.dht11_delay_us)
    dht11_delay_us                           0x08003545   Thumb Code    30  drivers_port.o(i.dht11_delay_us)
    i.dht11_pin_input                        0x08003568   Section        0  drivers_port.o(i.dht11_pin_input)
    dht11_pin_input                          0x08003569   Thumb Code    32  drivers_port.o(i.dht11_pin_input)
    i.dht11_pin_output                       0x0800358c   Section        0  drivers_port.o(i.dht11_pin_output)
    dht11_pin_output                         0x0800358d   Thumb Code    32  drivers_port.o(i.dht11_pin_output)
    i.dht11_read_pin                         0x080035b0   Section        0  drivers_port.o(i.dht11_read_pin)
    dht11_read_pin                           0x080035b1   Thumb Code    22  drivers_port.o(i.dht11_read_pin)
    i.dht11_wait_until                       0x080035cc   Section        0  drivers_port.o(i.dht11_wait_until)
    dht11_wait_until                         0x080035cd   Thumb Code    50  drivers_port.o(i.dht11_wait_until)
    i.dht11_wait_while                       0x08003604   Section        0  drivers_port.o(i.dht11_wait_while)
    dht11_wait_while                         0x08003605   Thumb Code    74  drivers_port.o(i.dht11_wait_while)
    i.effective_mode                         0x08003654   Section        0  home_device_app.o(i.effective_mode)
    effective_mode                           0x08003655   Thumb Code    30  home_device_app.o(i.effective_mode)
    i.eval_logic                             0x08003678   Section        0  home_device_app.o(i.eval_logic)
    eval_logic                               0x08003679   Thumb Code    72  home_device_app.o(i.eval_logic)
    i.gpio_init                              0x080036d4   Section        0  drivers_port.o(i.gpio_init)
    gpio_init                                0x080036d5   Thumb Code   124  drivers_port.o(i.gpio_init)
    i.handle_keys                            0x0800375c   Section        0  home_device_app.o(i.handle_keys)
    handle_keys                              0x0800375d   Thumb Code   216  home_device_app.o(i.handle_keys)
    i.handle_rising_alarm                    0x08003848   Section        0  home_device_app.o(i.handle_rising_alarm)
    handle_rising_alarm                      0x08003849   Thumb Code    78  home_device_app.o(i.handle_rising_alarm)
    i.init_state                             0x08003944   Section        0  home_device_app.o(i.init_state)
    init_state                               0x08003945   Thumb Code    56  home_device_app.o(i.init_state)
    i.main                                   0x08003988   Section        0  main.o(i.main)
    i.mode_text                              0x08003994   Section        0  oled_ui.o(i.mode_text)
    mode_text                                0x08003995   Thumb Code    22  oled_ui.o(i.mode_text)
    i.on_frame_received                      0x080039c0   Section        0  home_device_app.o(i.on_frame_received)
    on_frame_received                        0x080039c1   Thumb Code   136  home_device_app.o(i.on_frame_received)
    i.send_ack                               0x08003a58   Section        0  home_device_app.o(i.send_ack)
    send_ack                                 0x08003a59   Thumb Code    28  home_device_app.o(i.send_ack)
    i.send_alarm_frame                       0x08003a74   Section        0  home_device_app.o(i.send_alarm_frame)
    send_alarm_frame                         0x08003a75   Thumb Code    64  home_device_app.o(i.send_alarm_frame)
    i.send_line                              0x08003ab4   Section        0  air780e_sms.o(i.send_line)
    send_line                                0x08003ab5   Thumb Code    18  air780e_sms.o(i.send_line)
    i.send_status_frame                      0x08003acc   Section        0  home_device_app.o(i.send_status_frame)
    send_status_frame                        0x08003acd   Thumb Code    96  home_device_app.o(i.send_status_frame)
    i.uart_send_bytes                        0x08003b34   Section        0  drivers_port.o(i.uart_send_bytes)
    uart_send_bytes                          0x08003b35   Thumb Code    62  drivers_port.o(i.uart_send_bytes)
    i.ui_flush_diff                          0x08003b74   Section        0  oled_ui.o(i.ui_flush_diff)
    ui_flush_diff                            0x08003b75   Thumb Code    86  oled_ui.o(i.ui_flush_diff)
    i.ui_make_line                           0x08003bd4   Section        0  oled_ui.o(i.ui_make_line)
    ui_make_line                             0x08003bd5   Thumb Code    82  oled_ui.o(i.ui_make_line)
    i.update_smoke_filter                    0x08003c28   Section        0  home_device_app.o(i.update_smoke_filter)
    update_smoke_filter                      0x08003c29   Thumb Code    68  home_device_app.o(i.update_smoke_filter)
    i.usart1_init                            0x08003c7c   Section        0  drivers_port.o(i.usart1_init)
    usart1_init                              0x08003c7d   Thumb Code   152  drivers_port.o(i.usart1_init)
    i.usart2_init                            0x08003d1c   Section        0  drivers_port.o(i.usart2_init)
    usart2_init                              0x08003d1d   Thumb Code   110  drivers_port.o(i.usart2_init)
    locale$$code                             0x08003d94   Section       44  lc_numeric_c.o(locale$$code)
    locale$$code                             0x08003dc0   Section       44  lc_ctype_c.o(locale$$code)
    x$fpl$printf1                            0x08003dec   Section        4  printf1.o(x$fpl$printf1)
    x$fpl$printf2                            0x08003df0   Section        4  printf2.o(x$fpl$printf2)
    .constdata                               0x08003df4   Section     1520  oled.o(.constdata)
    x$fpl$usenofp                            0x08003df4   Section        0  usenofp.o(x$fpl$usenofp)
    .constdata                               0x080043e4   Section        8  _printf_wctomb.o(.constdata)
    initial_mbstate                          0x080043e4   Data           8  _printf_wctomb.o(.constdata)
    .constdata                               0x080043ec   Section       40  _printf_hex_int_ll_ptr.o(.constdata)
    uc_hextab                                0x080043ec   Data          20  _printf_hex_int_ll_ptr.o(.constdata)
    lc_hextab                                0x08004400   Data          20  _printf_hex_int_ll_ptr.o(.constdata)
    .constdata                               0x08004414   Section       17  __printf_flags_ss_wp.o(.constdata)
    maptable                                 0x08004414   Data          17  __printf_flags_ss_wp.o(.constdata)
    .constdata                               0x08004425   Section       38  _printf_fp_hex.o(.constdata)
    lc_hextab                                0x08004425   Data          19  _printf_fp_hex.o(.constdata)
    uc_hextab                                0x08004438   Data          19  _printf_fp_hex.o(.constdata)
    .constdata                               0x0800444c   Section      148  bigflt0.o(.constdata)
    tenpwrs_x                                0x0800444c   Data          60  bigflt0.o(.constdata)
    tenpwrs_i                                0x08004488   Data          64  bigflt0.o(.constdata)
    locale$$data                             0x08004500   Section       28  lc_numeric_c.o(locale$$data)
    __lcnum_c_name                           0x08004504   Data           2  lc_numeric_c.o(locale$$data)
    __lcnum_c_start                          0x0800450c   Data           0  lc_numeric_c.o(locale$$data)
    __lcnum_c_point                          0x08004518   Data           0  lc_numeric_c.o(locale$$data)
    __lcnum_c_thousands                      0x0800451a   Data           0  lc_numeric_c.o(locale$$data)
    __lcnum_c_grouping                       0x0800451b   Data           0  lc_numeric_c.o(locale$$data)
    locale$$data                             0x0800451c   Section      272  lc_ctype_c.o(locale$$data)
    __lcnum_c_end                            0x0800451c   Data           0  lc_numeric_c.o(locale$$data)
    __lcctype_c_name                         0x08004520   Data           2  lc_ctype_c.o(locale$$data)
    __lcctype_c_start                        0x08004528   Data           0  lc_ctype_c.o(locale$$data)
    __lcctype_c_end                          0x0800462c   Data           0  lc_ctype_c.o(locale$$data)
    .data                                    0x20000000   Section       20  system_stm32f10x.o(.data)
    .data                                    0x20000014   Section       20  stm32f10x_rcc.o(.data)
    APBAHBPrescTable                         0x20000014   Data          16  stm32f10x_rcc.o(.data)
    ADCPrescTable                            0x20000024   Data           4  stm32f10x_rcc.o(.data)
    .data                                    0x20000028   Section       20  home_device_app.o(.data)
    g_sensors                                0x20000028   Data           6  home_device_app.o(.data)
    g_alarm_ctx                              0x2000002e   Data           4  home_device_app.o(.data)
    g_alarm_flags                            0x20000032   Data           1  home_device_app.o(.data)
    g_dht_divider                            0x20000033   Data           1  home_device_app.o(.data)
    g_manual_relay_enable                    0x20000034   Data           1  home_device_app.o(.data)
    g_manual_relay_value                     0x20000035   Data           1  home_device_app.o(.data)
    g_silence_latch                          0x20000036   Data           1  home_device_app.o(.data)
    g_smoke_idx                              0x20000037   Data           1  home_device_app.o(.data)
    g_smoke_sum                              0x20000038   Data           4  home_device_app.o(.data)
    .data                                    0x2000003c   Section       16  scheduler.o(.data)
    s_last_key_ms                            0x2000003c   Data           4  scheduler.o(.data)
    s_last_sensor_ms                         0x20000040   Data           4  scheduler.o(.data)
    s_last_oled_ms                           0x20000044   Data           4  scheduler.o(.data)
    s_last_upload_ms                         0x20000048   Data           4  scheduler.o(.data)
    .data                                    0x2000004c   Section        8  key_input.o(.data)
    s_stable_state                           0x2000004c   Data           4  key_input.o(.data)
    s_counter                                0x20000050   Data           4  key_input.o(.data)
    .data                                    0x20000054   Section        1  oled_ui.o(.data)
    s_prev_valid                             0x20000054   Data           1  oled_ui.o(.data)
    .data                                    0x20000058   Section        4  comm_uart.o(.data)
    s_cb                                     0x20000058   Data           4  comm_uart.o(.data)
    .data                                    0x2000005c   Section        8  drivers_port.o(.data)
    s_ms_tick                                0x2000005c   Data           4  drivers_port.o(.data)
    s_uart1_rx_head                          0x20000060   Data           2  drivers_port.o(.data)
    s_uart1_rx_tail                          0x20000062   Data           2  drivers_port.o(.data)
    .bss                                     0x20000064   Section       26  home_device_app.o(.bss)
    g_state                                  0x20000064   Data          10  home_device_app.o(.bss)
    g_smoke_hist                             0x2000006e   Data          16  home_device_app.o(.bss)
    .bss                                     0x2000007e   Section       68  oled_ui.o(.bss)
    s_prev_lines                             0x2000007e   Data          68  oled_ui.o(.bss)
    .bss                                     0x200000c2   Section       72  comm_uart.o(.bss)
    s_parser                                 0x200000c2   Data          72  comm_uart.o(.bss)
    .bss                                     0x2000010a   Section      128  drivers_port.o(.bss)
    s_uart1_rx_buf                           0x2000010a   Data         128  drivers_port.o(.bss)
    .bss                                     0x2000018c   Section       96  libspace.o(.bss)
    HEAP                                     0x200001f0   Section      512  startup_stm32f10x_md.o(HEAP)
    Heap_Mem                                 0x200001f0   Data         512  startup_stm32f10x_md.o(HEAP)
    STACK                                    0x200003f0   Section     1024  startup_stm32f10x_md.o(STACK)
    Stack_Mem                                0x200003f0   Data        1024  startup_stm32f10x_md.o(STACK)
    __initial_sp                             0x200007f0   Data           0  startup_stm32f10x_md.o(STACK)

    Global Symbols

    Symbol Name                              Value     Ov Type        Size  Object(Section)

    BuildAttributes$$THM_ISAv4$P$D$K$B$S$PE$A:L22UL41UL21$X:L11$S22US41US21$IEEE1$IW$USESV6$~STKCKD$USESV7$~SHL$OTIME$ROPI$IEEEJ$EBA8$UX$STANDARDLIB$REQ8$PRES8$EABIv2 0x00000000   Number         0  anon$$obj.o ABSOLUTE
    __ARM_use_no_argv                        0x00000000   Number         0  main.o ABSOLUTE
    _printf_flags                            0x00000000   Number         0  printf_stubs.o ABSOLUTE
    _printf_return_value                     0x00000000   Number         0  printf_stubs.o ABSOLUTE
    _printf_sizespec                         0x00000000   Number         0  printf_stubs.o ABSOLUTE
    _printf_widthprec                        0x00000000   Number         0  printf_stubs.o ABSOLUTE
    __ARM_exceptions_init                     - Undefined Weak Reference
    __alloca_initialize                       - Undefined Weak Reference
    __arm_fini_                               - Undefined Weak Reference
    __arm_preinit_                            - Undefined Weak Reference
    __cpp_initialize__aeabi_                  - Undefined Weak Reference
    __cxa_finalize                            - Undefined Weak Reference
    __sigvec_lookup                           - Undefined Weak Reference
    _atexit_init                              - Undefined Weak Reference
    _call_atexit_fns                          - Undefined Weak Reference
    _clock_init                               - Undefined Weak Reference
    _fp_trap_init                             - Undefined Weak Reference
    _fp_trap_shutdown                         - Undefined Weak Reference
    _get_lc_collate                           - Undefined Weak Reference
    _get_lc_monetary                          - Undefined Weak Reference
    _get_lc_time                              - Undefined Weak Reference
    _getenv_init                              - Undefined Weak Reference
    _handle_redirection                       - Undefined Weak Reference
    _init_alloc                               - Undefined Weak Reference
    _init_user_alloc                          - Undefined Weak Reference
    _initio                                   - Undefined Weak Reference
    _printf_mbtowc                            - Undefined Weak Reference
    _printf_wc                                - Undefined Weak Reference
    _rand_init                                - Undefined Weak Reference
    _signal_finish                            - Undefined Weak Reference
    _signal_init                              - Undefined Weak Reference
    _terminate_alloc                          - Undefined Weak Reference
    _terminate_user_alloc                     - Undefined Weak Reference
    _terminateio                              - Undefined Weak Reference
    __Vectors_Size                           0x000000ec   Number         0  startup_stm32f10x_md.o ABSOLUTE
    __Vectors                                0x08000000   Data           4  startup_stm32f10x_md.o(RESET)
    __Vectors_End                            0x080000ec   Data           0  startup_stm32f10x_md.o(RESET)
    __main                                   0x080000ed   Thumb Code     8  __main.o(!!!main)
    __scatterload                            0x080000f5   Thumb Code     0  __scatter.o(!!!scatter)
    __scatterload_rt2                        0x080000f5   Thumb Code    44  __scatter.o(!!!scatter)
    __scatterload_rt2_thumb_only             0x080000f5   Thumb Code     0  __scatter.o(!!!scatter)
    __scatterload_null                       0x08000103   Thumb Code     0  __scatter.o(!!!scatter)
    __scatterload_copy                       0x08000129   Thumb Code    26  __scatter_copy.o(!!handler_copy)
    __scatterload_zeroinit                   0x08000145   Thumb Code    28  __scatter_zi.o(!!handler_zi)
    _printf_n                                0x08000161   Thumb Code     0  _printf_n.o(.ARM.Collect$$_printf_percent$$00000001)
    _printf_percent                          0x08000161   Thumb Code     0  _printf_percent.o(.ARM.Collect$$_printf_percent$$00000000)
    _printf_p                                0x08000167   Thumb Code     0  _printf_p.o(.ARM.Collect$$_printf_percent$$00000002)
    _printf_f                                0x0800016d   Thumb Code     0  _printf_f.o(.ARM.Collect$$_printf_percent$$00000003)
    _printf_e                                0x08000173   Thumb Code     0  _printf_e.o(.ARM.Collect$$_printf_percent$$00000004)
    _printf_g                                0x08000179   Thumb Code     0  _printf_g.o(.ARM.Collect$$_printf_percent$$00000005)
    _printf_a                                0x0800017f   Thumb Code     0  _printf_a.o(.ARM.Collect$$_printf_percent$$00000006)
    _printf_ll                               0x08000185   Thumb Code     0  _printf_ll.o(.ARM.Collect$$_printf_percent$$00000007)
    _printf_i                                0x0800018f   Thumb Code     0  _printf_i.o(.ARM.Collect$$_printf_percent$$00000008)
    _printf_d                                0x08000195   Thumb Code     0  _printf_d.o(.ARM.Collect$$_printf_percent$$00000009)
    _printf_u                                0x0800019b   Thumb Code     0  _printf_u.o(.ARM.Collect$$_printf_percent$$0000000A)
    _printf_o                                0x080001a1   Thumb Code     0  _printf_o.o(.ARM.Collect$$_printf_percent$$0000000B)
    _printf_x                                0x080001a7   Thumb Code     0  _printf_x.o(.ARM.Collect$$_printf_percent$$0000000C)
    _printf_lli                              0x080001ad   Thumb Code     0  _printf_lli.o(.ARM.Collect$$_printf_percent$$0000000D)
    _printf_lld                              0x080001b3   Thumb Code     0  _printf_lld.o(.ARM.Collect$$_printf_percent$$0000000E)
    _printf_llu                              0x080001b9   Thumb Code     0  _printf_llu.o(.ARM.Collect$$_printf_percent$$0000000F)
    _printf_llo                              0x080001bf   Thumb Code     0  _printf_llo.o(.ARM.Collect$$_printf_percent$$00000010)
    _printf_llx                              0x080001c5   Thumb Code     0  _printf_llx.o(.ARM.Collect$$_printf_percent$$00000011)
    _printf_l                                0x080001cb   Thumb Code     0  _printf_l.o(.ARM.Collect$$_printf_percent$$00000012)
    _printf_c                                0x080001d5   Thumb Code     0  _printf_c.o(.ARM.Collect$$_printf_percent$$00000013)
    _printf_s                                0x080001db   Thumb Code     0  _printf_s.o(.ARM.Collect$$_printf_percent$$00000014)
    _printf_lc                               0x080001e1   Thumb Code     0  _printf_lc.o(.ARM.Collect$$_printf_percent$$00000015)
    _printf_ls                               0x080001e7   Thumb Code     0  _printf_ls.o(.ARM.Collect$$_printf_percent$$00000016)
    _printf_percent_end                      0x080001ed   Thumb Code     0  _printf_percent_end.o(.ARM.Collect$$_printf_percent$$00000017)
    __rt_lib_init                            0x080001f1   Thumb Code     0  libinit.o(.ARM.Collect$$libinit$$00000000)
    __rt_lib_init_fp_1                       0x080001f3   Thumb Code     0  libinit2.o(.ARM.Collect$$libinit$$00000002)
    __rt_lib_init_heap_1                     0x080001f3   Thumb Code     0  libinit2.o(.ARM.Collect$$libinit$$0000000A)
    __rt_lib_init_lc_common                  0x080001f3   Thumb Code     0  libinit2.o(.ARM.Collect$$libinit$$0000000F)
    __rt_lib_init_preinit_1                  0x080001f3   Thumb Code     0  libinit2.o(.ARM.Collect$$libinit$$00000004)
    __rt_lib_init_rand_1                     0x080001f3   Thumb Code     0  libinit2.o(.ARM.Collect$$libinit$$0000000E)
    __rt_lib_init_user_alloc_1               0x080001f3   Thumb Code     0  libinit2.o(.ARM.Collect$$libinit$$0000000C)
    __rt_lib_init_lc_collate_1               0x080001f9   Thumb Code     0  libinit2.o(.ARM.Collect$$libinit$$00000011)
    __rt_lib_init_lc_ctype_2                 0x080001f9   Thumb Code     0  libinit2.o(.ARM.Collect$$libinit$$00000012)
    __rt_lib_init_lc_ctype_1                 0x08000205   Thumb Code     0  libinit2.o(.ARM.Collect$$libinit$$00000013)
    __rt_lib_init_lc_monetary_1              0x08000205   Thumb Code     0  libinit2.o(.ARM.Collect$$libinit$$00000015)
    __rt_lib_init_lc_numeric_2               0x08000205   Thumb Code     0  libinit2.o(.ARM.Collect$$libinit$$00000016)
    __rt_lib_init_alloca_1                   0x0800020f   Thumb Code     0  libinit2.o(.ARM.Collect$$libinit$$0000002E)
    __rt_lib_init_argv_1                     0x0800020f   Thumb Code     0  libinit2.o(.ARM.Collect$$libinit$$0000002C)
    __rt_lib_init_atexit_1                   0x0800020f   Thumb Code     0  libinit2.o(.ARM.Collect$$libinit$$0000001B)
    __rt_lib_init_clock_1                    0x0800020f   Thumb Code     0  libinit2.o(.ARM.Collect$$libinit$$00000021)
    __rt_lib_init_cpp_1                      0x0800020f   Thumb Code     0  libinit2.o(.ARM.Collect$$libinit$$00000032)
    __rt_lib_init_exceptions_1               0x0800020f   Thumb Code     0  libinit2.o(.ARM.Collect$$libinit$$00000030)
    __rt_lib_init_fp_trap_1                  0x0800020f   Thumb Code     0  libinit2.o(.ARM.Collect$$libinit$$0000001F)
    __rt_lib_init_getenv_1                   0x0800020f   Thumb Code     0  libinit2.o(.ARM.Collect$$libinit$$00000023)
    __rt_lib_init_lc_numeric_1               0x0800020f   Thumb Code     0  libinit2.o(.ARM.Collect$$libinit$$00000017)
    __rt_lib_init_lc_time_1                  0x0800020f   Thumb Code     0  libinit2.o(.ARM.Collect$$libinit$$00000019)
    __rt_lib_init_return                     0x0800020f   Thumb Code     0  libinit2.o(.ARM.Collect$$libinit$$00000033)
    __rt_lib_init_signal_1                   0x0800020f   Thumb Code     0  libinit2.o(.ARM.Collect$$libinit$$0000001D)
    __rt_lib_init_stdio_1                    0x0800020f   Thumb Code     0  libinit2.o(.ARM.Collect$$libinit$$00000025)
    __rt_lib_shutdown                        0x08000211   Thumb Code     0  libshutdown.o(.ARM.Collect$$libshutdown$$00000000)
    __rt_lib_shutdown_cpp_1                  0x08000213   Thumb Code     0  libshutdown2.o(.ARM.Collect$$libshutdown$$00000004)
    __rt_lib_shutdown_fini_1                 0x08000213   Thumb Code     0  libshutdown2.o(.ARM.Collect$$libshutdown$$00000002)
    __rt_lib_shutdown_fp_trap_1              0x08000213   Thumb Code     0  libshutdown2.o(.ARM.Collect$$libshutdown$$00000009)
    __rt_lib_shutdown_heap_1                 0x08000213   Thumb Code     0  libshutdown2.o(.ARM.Collect$$libshutdown$$00000011)
    __rt_lib_shutdown_return                 0x08000213   Thumb Code     0  libshutdown2.o(.ARM.Collect$$libshutdown$$00000012)
    __rt_lib_shutdown_signal_1               0x08000213   Thumb Code     0  libshutdown2.o(.ARM.Collect$$libshutdown$$0000000C)
    __rt_lib_shutdown_stdio_1                0x08000213   Thumb Code     0  libshutdown2.o(.ARM.Collect$$libshutdown$$00000006)
    __rt_lib_shutdown_user_alloc_1           0x08000213   Thumb Code     0  libshutdown2.o(.ARM.Collect$$libshutdown$$0000000E)
    __rt_entry                               0x08000215   Thumb Code     0  __rtentry.o(.ARM.Collect$$rtentry$$00000000)
    __rt_entry_presh_1                       0x08000215   Thumb Code     0  __rtentry2.o(.ARM.Collect$$rtentry$$00000002)
    __rt_entry_sh                            0x08000215   Thumb Code     0  __rtentry4.o(.ARM.Collect$$rtentry$$00000004)
    __rt_entry_li                            0x0800021b   Thumb Code     0  __rtentry2.o(.ARM.Collect$$rtentry$$0000000A)
    __rt_entry_postsh_1                      0x0800021b   Thumb Code     0  __rtentry2.o(.ARM.Collect$$rtentry$$00000009)
    __rt_entry_main                          0x0800021f   Thumb Code     0  __rtentry2.o(.ARM.Collect$$rtentry$$0000000D)
    __rt_entry_postli_1                      0x0800021f   Thumb Code     0  __rtentry2.o(.ARM.Collect$$rtentry$$0000000C)
    __rt_exit                                0x08000227   Thumb Code     0  rtexit.o(.ARM.Collect$$rtexit$$00000000)
    __rt_exit_ls                             0x08000229   Thumb Code     0  rtexit2.o(.ARM.Collect$$rtexit$$00000003)
    __rt_exit_prels_1                        0x08000229   Thumb Code     0  rtexit2.o(.ARM.Collect$$rtexit$$00000002)
    __rt_exit_exit                           0x0800022d   Thumb Code     0  rtexit2.o(.ARM.Collect$$rtexit$$00000004)
    Reset_Handler                            0x08000235   Thumb Code     8  startup_stm32f10x_md.o(.text)
    ADC1_2_IRQHandler                        0x0800024f   Thumb Code     0  startup_stm32f10x_md.o(.text)
    CAN1_RX1_IRQHandler                      0x0800024f   Thumb Code     0  startup_stm32f10x_md.o(.text)
    CAN1_SCE_IRQHandler                      0x0800024f   Thumb Code     0  startup_stm32f10x_md.o(.text)
    DMA1_Channel1_IRQHandler                 0x0800024f   Thumb Code     0  startup_stm32f10x_md.o(.text)
    DMA1_Channel2_IRQHandler                 0x0800024f   Thumb Code     0  startup_stm32f10x_md.o(.text)
    DMA1_Channel3_IRQHandler                 0x0800024f   Thumb Code     0  startup_stm32f10x_md.o(.text)
    DMA1_Channel4_IRQHandler                 0x0800024f   Thumb Code     0  startup_stm32f10x_md.o(.text)
    DMA1_Channel5_IRQHandler                 0x0800024f   Thumb Code     0  startup_stm32f10x_md.o(.text)
    DMA1_Channel6_IRQHandler                 0x0800024f   Thumb Code     0  startup_stm32f10x_md.o(.text)
    DMA1_Channel7_IRQHandler                 0x0800024f   Thumb Code     0  startup_stm32f10x_md.o(.text)
    EXTI0_IRQHandler                         0x0800024f   Thumb Code     0  startup_stm32f10x_md.o(.text)
    EXTI15_10_IRQHandler                     0x0800024f   Thumb Code     0  startup_stm32f10x_md.o(.text)
    EXTI1_IRQHandler                         0x0800024f   Thumb Code     0  startup_stm32f10x_md.o(.text)
    EXTI2_IRQHandler                         0x0800024f   Thumb Code     0  startup_stm32f10x_md.o(.text)
    EXTI3_IRQHandler                         0x0800024f   Thumb Code     0  startup_stm32f10x_md.o(.text)
    EXTI4_IRQHandler                         0x0800024f   Thumb Code     0  startup_stm32f10x_md.o(.text)
    EXTI9_5_IRQHandler                       0x0800024f   Thumb Code     0  startup_stm32f10x_md.o(.text)
    FLASH_IRQHandler                         0x0800024f   Thumb Code     0  startup_stm32f10x_md.o(.text)
    I2C1_ER_IRQHandler                       0x0800024f   Thumb Code     0  startup_stm32f10x_md.o(.text)
    I2C1_EV_IRQHandler                       0x0800024f   Thumb Code     0  startup_stm32f10x_md.o(.text)
    I2C2_ER_IRQHandler                       0x0800024f   Thumb Code     0  startup_stm32f10x_md.o(.text)
    I2C2_EV_IRQHandler                       0x0800024f   Thumb Code     0  startup_stm32f10x_md.o(.text)
    PVD_IRQHandler                           0x0800024f   Thumb Code     0  startup_stm32f10x_md.o(.text)
    RCC_IRQHandler                           0x0800024f   Thumb Code     0  startup_stm32f10x_md.o(.text)
    RTCAlarm_IRQHandler                      0x0800024f   Thumb Code     0  startup_stm32f10x_md.o(.text)
    RTC_IRQHandler                           0x0800024f   Thumb Code     0  startup_stm32f10x_md.o(.text)
    SPI1_IRQHandler                          0x0800024f   Thumb Code     0  startup_stm32f10x_md.o(.text)
    SPI2_IRQHandler                          0x0800024f   Thumb Code     0  startup_stm32f10x_md.o(.text)
    TAMPER_IRQHandler                        0x0800024f   Thumb Code     0  startup_stm32f10x_md.o(.text)
    TIM1_BRK_IRQHandler                      0x0800024f   Thumb Code     0  startup_stm32f10x_md.o(.text)
    TIM1_CC_IRQHandler                       0x0800024f   Thumb Code     0  startup_stm32f10x_md.o(.text)
    TIM1_TRG_COM_IRQHandler                  0x0800024f   Thumb Code     0  startup_stm32f10x_md.o(.text)
    TIM1_UP_IRQHandler                       0x0800024f   Thumb Code     0  startup_stm32f10x_md.o(.text)
    TIM2_IRQHandler                          0x0800024f   Thumb Code     0  startup_stm32f10x_md.o(.text)
    TIM3_IRQHandler                          0x0800024f   Thumb Code     0  startup_stm32f10x_md.o(.text)
    TIM4_IRQHandler                          0x0800024f   Thumb Code     0  startup_stm32f10x_md.o(.text)
    USART2_IRQHandler                        0x0800024f   Thumb Code     0  startup_stm32f10x_md.o(.text)
    USART3_IRQHandler                        0x0800024f   Thumb Code     0  startup_stm32f10x_md.o(.text)
    USBWakeUp_IRQHandler                     0x0800024f   Thumb Code     0  startup_stm32f10x_md.o(.text)
    USB_HP_CAN1_TX_IRQHandler                0x0800024f   Thumb Code     0  startup_stm32f10x_md.o(.text)
    USB_LP_CAN1_RX0_IRQHandler               0x0800024f   Thumb Code     0  startup_stm32f10x_md.o(.text)
    WWDG_IRQHandler                          0x0800024f   Thumb Code     0  startup_stm32f10x_md.o(.text)
    __user_initial_stackheap                 0x08000251   Thumb Code     0  startup_stm32f10x_md.o(.text)
    vsnprintf                                0x08000275   Thumb Code    48  vsnprintf.o(.text)
    memcmp                                   0x080002a9   Thumb Code    88  memcmp.o(.text)
    strlen                                   0x08000301   Thumb Code    62  strlen.o(.text)
    __aeabi_memcpy                           0x0800033f   Thumb Code     0  rt_memcpy_v6.o(.text)
    __rt_memcpy                              0x0800033f   Thumb Code   138  rt_memcpy_v6.o(.text)
    _memcpy_lastbytes                        0x080003a5   Thumb Code     0  rt_memcpy_v6.o(.text)
    __aeabi_memclr                           0x080003c9   Thumb Code     0  rt_memclr.o(.text)
    __rt_memclr                              0x080003c9   Thumb Code    68  rt_memclr.o(.text)
    _memset                                  0x080003cd   Thumb Code     0  rt_memclr.o(.text)
    __use_two_region_memory                  0x0800040d   Thumb Code     2  heapauxi.o(.text)
    __rt_heap_escrow$2region                 0x0800040f   Thumb Code     2  heapauxi.o(.text)
    __rt_heap_expand$2region                 0x08000411   Thumb Code     2  heapauxi.o(.text)
    _printf_pre_padding                      0x08000413   Thumb Code    44  _printf_pad.o(.text)
    _printf_post_padding                     0x0800043f   Thumb Code    34  _printf_pad.o(.text)
    _printf_truncate_signed                  0x08000461   Thumb Code    18  _printf_truncate.o(.text)
    _printf_truncate_unsigned                0x08000473   Thumb Code    18  _printf_truncate.o(.text)
    _printf_str                              0x08000485   Thumb Code    82  _printf_str.o(.text)
    _printf_int_dec                          0x080004d9   Thumb Code   104  _printf_dec.o(.text)
    _printf_charcount                        0x08000551   Thumb Code    40  _printf_charcount.o(.text)
    _printf_char_common                      0x08000583   Thumb Code    32  _printf_char_common.o(.text)
    _sputc                                   0x080005a9   Thumb Code    10  _sputc.o(.text)
    _snputc                                  0x080005b3   Thumb Code    16  _snputc.o(.text)
    _printf_wctomb                           0x080005c5   Thumb Code   182  _printf_wctomb.o(.text)
    _printf_longlong_dec                     0x08000681   Thumb Code   108  _printf_longlong_dec.o(.text)
    _printf_longlong_oct                     0x080006fd   Thumb Code    66  _printf_oct_int_ll.o(.text)
    _printf_int_oct                          0x0800073f   Thumb Code    24  _printf_oct_int_ll.o(.text)
    _printf_ll_oct                           0x08000757   Thumb Code    12  _printf_oct_int_ll.o(.text)
    _printf_longlong_hex                     0x0800076d   Thumb Code    86  _printf_hex_int_ll_ptr.o(.text)
    _printf_int_hex                          0x080007c3   Thumb Code    28  _printf_hex_int_ll_ptr.o(.text)
    _printf_ll_hex                           0x080007df   Thumb Code    12  _printf_hex_int_ll_ptr.o(.text)
    _printf_hex_ptr                          0x080007eb   Thumb Code    18  _printf_hex_int_ll_ptr.o(.text)
    __printf                                 0x08000801   Thumb Code   388  __printf_flags_ss_wp.o(.text)
    __aeabi_memcpy4                          0x08000989   Thumb Code     0  rt_memcpy_w.o(.text)
    __aeabi_memcpy8                          0x08000989   Thumb Code     0  rt_memcpy_w.o(.text)
    __rt_memcpy_w                            0x08000989   Thumb Code   100  rt_memcpy_w.o(.text)
    _memcpy_lastbytes_aligned                0x080009d1   Thumb Code     0  rt_memcpy_w.o(.text)
    __aeabi_memclr4                          0x080009ed   Thumb Code     0  rt_memclr_w.o(.text)
    __aeabi_memclr8                          0x080009ed   Thumb Code     0  rt_memclr_w.o(.text)
    __rt_memclr_w                            0x080009ed   Thumb Code    78  rt_memclr_w.o(.text)
    _memset_w                                0x080009f1   Thumb Code     0  rt_memclr_w.o(.text)
    _ll_udiv10                               0x08000a3b   Thumb Code   138  lludiv10.o(.text)
    _printf_int_common                       0x08000ac5   Thumb Code   178  _printf_intcommon.o(.text)
    __lib_sel_fp_printf                      0x08000b77   Thumb Code     2  _printf_fp_dec.o(.text)
    _printf_fp_dec_real                      0x08000d29   Thumb Code   620  _printf_fp_dec.o(.text)
    _printf_fp_hex_real                      0x08000f95   Thumb Code   756  _printf_fp_hex.o(.text)
    _printf_cs_common                        0x08001291   Thumb Code    20  _printf_char.o(.text)
    _printf_char                             0x080012a5   Thumb Code    16  _printf_char.o(.text)
    _printf_string                           0x080012b5   Thumb Code     8  _printf_char.o(.text)
    _printf_lcs_common                       0x080012bd   Thumb Code    20  _printf_wchar.o(.text)
    _printf_wchar                            0x080012d1   Thumb Code    16  _printf_wchar.o(.text)
    _printf_wstring                          0x080012e1   Thumb Code     8  _printf_wchar.o(.text)
    _wcrtomb                                 0x080012e9   Thumb Code    64  _wcrtomb.o(.text)
    __user_setup_stackheap                   0x08001329   Thumb Code    74  sys_stackheap_outer.o(.text)
    __rt_ctype_table                         0x08001375   Thumb Code    16  rt_ctype_table.o(.text)
    __rt_locale                              0x08001385   Thumb Code     8  rt_locale_intlibspace.o(.text)
    _printf_fp_infnan                        0x0800138d   Thumb Code   112  _printf_fp_infnan.o(.text)
    _btod_etento                             0x0800140d   Thumb Code   224  bigflt0.o(.text)
    exit                                     0x080014f1   Thumb Code    18  exit.o(.text)
    __user_libspace                          0x08001505   Thumb Code     8  libspace.o(.text)
    __user_perproc_libspace                  0x08001505   Thumb Code     0  libspace.o(.text)
    __user_perthread_libspace                0x08001505   Thumb Code     0  libspace.o(.text)
    strcmp                                   0x0800150d   Thumb Code   128  strcmpv7m.o(.text)
    _sys_exit                                0x0800158d   Thumb Code     8  sys_exit.o(.text)
    __I$use$semihosting                      0x08001599   Thumb Code     0  use_no_semi.o(.text)
    __use_no_semihosting_swi                 0x08001599   Thumb Code     2  use_no_semi.o(.text)
    __semihosting_library_function           0x0800159b   Thumb Code     0  indicate_semi.o(.text)
    _btod_d2e                                0x0800159b   Thumb Code    62  btod.o(CL$$btod_d2e)
    _d2e_denorm_low                          0x080015d9   Thumb Code    70  btod.o(CL$$btod_d2e_denorm_low)
    _d2e_norm_op1                            0x0800161f   Thumb Code    96  btod.o(CL$$btod_d2e_norm_op1)
    __btod_div_common                        0x0800167f   Thumb Code   696  btod.o(CL$$btod_div_common)
    _e2e                                     0x080019b7   Thumb Code   220  btod.o(CL$$btod_e2e)
    _btod_ediv                               0x08001a93   Thumb Code    42  btod.o(CL$$btod_ediv)
    _btod_emul                               0x08001abd   Thumb Code    42  btod.o(CL$$btod_emul)
    __btod_mult_common                       0x08001ae7   Thumb Code   580  btod.o(CL$$btod_mult_common)
    ADC_Cmd                                  0x08001d2b   Thumb Code    22  stm32f10x_adc.o(i.ADC_Cmd)
    ADC_DeInit                               0x08001d41   Thumb Code    78  stm32f10x_adc.o(i.ADC_DeInit)
    ADC_GetCalibrationStatus                 0x08001d9d   Thumb Code    20  stm32f10x_adc.o(i.ADC_GetCalibrationStatus)
    ADC_GetConversionValue                   0x08001db1   Thumb Code     8  stm32f10x_adc.o(i.ADC_GetConversionValue)
    ADC_GetFlagStatus                        0x08001db9   Thumb Code    18  stm32f10x_adc.o(i.ADC_GetFlagStatus)
    ADC_GetResetCalibrationStatus            0x08001dcb   Thumb Code    20  stm32f10x_adc.o(i.ADC_GetResetCalibrationStatus)
    ADC_Init                                 0x08001de1   Thumb Code    70  stm32f10x_adc.o(i.ADC_Init)
    ADC_RegularChannelConfig                 0x08001e31   Thumb Code   184  stm32f10x_adc.o(i.ADC_RegularChannelConfig)
    ADC_ResetCalibration                     0x08001ee9   Thumb Code    10  stm32f10x_adc.o(i.ADC_ResetCalibration)
    ADC_SoftwareStartConvCmd                 0x08001ef3   Thumb Code    22  stm32f10x_adc.o(i.ADC_SoftwareStartConvCmd)
    ADC_StartCalibration                     0x08001f09   Thumb Code    10  stm32f10x_adc.o(i.ADC_StartCalibration)
    Air780E_Init                             0x08001f15   Thumb Code    34  air780e_sms.o(i.Air780E_Init)
    Air780E_SendSms                          0x08001f6d   Thumb Code    50  air780e_sms.o(i.Air780E_SendSms)
    AlarmLogic_Init                          0x08001fbd   Thumb Code     8  alarm_logic.o(i.AlarmLogic_Init)
    AlarmLogic_Update                        0x08001fc5   Thumb Code    94  alarm_logic.o(i.AlarmLogic_Update)
    BusFault_Handler                         0x08002023   Thumb Code     4  stm32f10x_it.o(i.BusFault_Handler)
    CommUart_Init                            0x08002029   Thumb Code    16  comm_uart.o(i.CommUart_Init)
    CommUart_Poll                            0x08002041   Thumb Code    48  comm_uart.o(i.CommUart_Poll)
    CommUart_SendToAirRaw                    0x08002079   Thumb Code    16  comm_uart.o(i.CommUart_SendToAirRaw)
    CommUart_SendToAirText                   0x08002089   Thumb Code    22  comm_uart.o(i.CommUart_SendToAirText)
    CommUart_SendToEsp                       0x0800209f   Thumb Code    42  comm_uart.o(i.CommUart_SendToEsp)
    DebugMon_Handler                         0x080020c9   Thumb Code     2  stm32f10x_it.o(i.DebugMon_Handler)
    Drivers_GetMs                            0x080020cd   Thumb Code     6  drivers_port.o(i.Drivers_GetMs)
    Drivers_Init                             0x080020d9   Thumb Code   108  drivers_port.o(i.Drivers_Init)
    Drivers_IsNightTime                      0x08002151   Thumb Code     4  drivers_port.o(i.Drivers_IsNightTime)
    Drivers_KeyReadRaw                       0x08002155   Thumb Code   100  drivers_port.o(i.Drivers_KeyReadRaw)
    Drivers_OledClear                        0x080021c1   Thumb Code     8  drivers_port.o(i.Drivers_OledClear)
    Drivers_OledFlush                        0x080021c9   Thumb Code     2  drivers_port.o(i.Drivers_OledFlush)
    Drivers_OledPrint                        0x080021cb   Thumb Code    84  drivers_port.o(i.Drivers_OledPrint)
    Drivers_ReadDht11                        0x08002221   Thumb Code   282  drivers_port.o(i.Drivers_ReadDht11)
    Drivers_ReadFlame                        0x08002341   Thumb Code    22  drivers_port.o(i.Drivers_ReadFlame)
    Drivers_ReadIntrusion                    0x0800235d   Thumb Code    22  drivers_port.o(i.Drivers_ReadIntrusion)
    Drivers_ReadMq2Adc                       0x08002379   Thumb Code    52  drivers_port.o(i.Drivers_ReadMq2Adc)
    Drivers_SetBuzzer                        0x080023b5   Thumb Code    26  drivers_port.o(i.Drivers_SetBuzzer)
    Drivers_SetRelay                         0x080023d5   Thumb Code    26  drivers_port.o(i.Drivers_SetRelay)
    Drivers_TickInc                          0x080023f5   Thumb Code    12  drivers_port.o(i.Drivers_TickInc)
    Drivers_Uart1_ReadByte                   0x08002405   Thumb Code    46  drivers_port.o(i.Drivers_Uart1_ReadByte)
    Drivers_Uart1_Send                       0x08002441   Thumb Code    18  drivers_port.o(i.Drivers_Uart1_Send)
    Drivers_Uart2_Send                       0x08002459   Thumb Code    18  drivers_port.o(i.Drivers_Uart2_Send)
    GPIO_Init                                0x08002471   Thumb Code   278  stm32f10x_gpio.o(i.GPIO_Init)
    GPIO_PinRemapConfig                      0x08002589   Thumb Code   138  stm32f10x_gpio.o(i.GPIO_PinRemapConfig)
    GPIO_ReadInputDataBit                    0x08002619   Thumb Code    18  stm32f10x_gpio.o(i.GPIO_ReadInputDataBit)
    GPIO_ResetBits                           0x0800262b   Thumb Code     4  stm32f10x_gpio.o(i.GPIO_ResetBits)
    GPIO_SetBits                             0x0800262f   Thumb Code     4  stm32f10x_gpio.o(i.GPIO_SetBits)
    GPIO_WriteBit                            0x08002633   Thumb Code    10  stm32f10x_gpio.o(i.GPIO_WriteBit)
    HardFault_Handler                        0x0800263d   Thumb Code     4  stm32f10x_it.o(i.HardFault_Handler)
    HomeDevice_AppInit                       0x08002641   Thumb Code    50  home_device_app.o(i.HomeDevice_AppInit)
    HomeDevice_AppLoop                       0x0800267d   Thumb Code   116  home_device_app.o(i.HomeDevice_AppLoop)
    HomeDevice_Tick1ms                       0x08002701   Thumb Code     8  home_device_app.o(i.HomeDevice_Tick1ms)
    KeyInput_Init                            0x08002709   Thumb Code    24  key_input.o(i.KeyInput_Init)
    KeyInput_Scan                            0x08002729   Thumb Code   100  key_input.o(i.KeyInput_Scan)
    MemManage_Handler                        0x08002795   Thumb Code     4  stm32f10x_it.o(i.MemManage_Handler)
    NMI_Handler                              0x08002799   Thumb Code     2  stm32f10x_it.o(i.NMI_Handler)
    NVIC_Init                                0x0800279d   Thumb Code   100  misc.o(i.NVIC_Init)
    OLED_Clear                               0x0800280d   Thumb Code    42  oled.o(i.OLED_Clear)
    OLED_I2C_Init                            0x08002839   Thumb Code    76  oled.o(i.OLED_I2C_Init)
    OLED_I2C_SendByte                        0x08002889   Thumb Code    80  oled.o(i.OLED_I2C_SendByte)
    OLED_I2C_Start                           0x080028dd   Thumb Code    48  oled.o(i.OLED_I2C_Start)
    OLED_I2C_Stop                            0x08002911   Thumb Code    36  oled.o(i.OLED_I2C_Stop)
    OLED_Init                                0x08002939   Thumb Code   174  oled.o(i.OLED_Init)
    OLED_SetCursor                           0x080029e7   Thumb Code    34  oled.o(i.OLED_SetCursor)
    OLED_ShowChar                            0x08002a09   Thumb Code   110  oled.o(i.OLED_ShowChar)
    OLED_ShowString                          0x08002a7d   Thumb Code    40  oled.o(i.OLED_ShowString)
    OLED_WriteCommand                        0x08002aa5   Thumb Code    32  oled.o(i.OLED_WriteCommand)
    OLED_WriteData                           0x08002ac5   Thumb Code    32  oled.o(i.OLED_WriteData)
    OledUi_Init                              0x08002ae5   Thumb Code    84  oled_ui.o(i.OledUi_Init)
    OledUi_Show                              0x08002b7d   Thumb Code   216  oled_ui.o(i.OledUi_Show)
    PendSV_Handler                           0x08002cfd   Thumb Code     2  stm32f10x_it.o(i.PendSV_Handler)
    Protocol_BuildFrame                      0x08002cff   Thumb Code    86  protocol.o(i.Protocol_BuildFrame)
    Protocol_Checksum                        0x08002d55   Thumb Code    30  protocol.o(i.Protocol_Checksum)
    Protocol_InitParser                      0x08002d73   Thumb Code     8  protocol.o(i.Protocol_InitParser)
    Protocol_PushByte                        0x08002d7b   Thumb Code   206  protocol.o(i.Protocol_PushByte)
    RCC_ADCCLKConfig                         0x08002e49   Thumb Code    18  stm32f10x_rcc.o(i.RCC_ADCCLKConfig)
    RCC_APB1PeriphClockCmd                   0x08002e61   Thumb Code    26  stm32f10x_rcc.o(i.RCC_APB1PeriphClockCmd)
    RCC_APB2PeriphClockCmd                   0x08002e81   Thumb Code    26  stm32f10x_rcc.o(i.RCC_APB2PeriphClockCmd)
    RCC_APB2PeriphResetCmd                   0x08002ea1   Thumb Code    26  stm32f10x_rcc.o(i.RCC_APB2PeriphResetCmd)
    RCC_GetClocksFreq                        0x08002ec1   Thumb Code   192  stm32f10x_rcc.o(i.RCC_GetClocksFreq)
    SVC_Handler                              0x08002f95   Thumb Code     2  stm32f10x_it.o(i.SVC_Handler)
    Scheduler_GetDueTasks                    0x08002f99   Thumb Code    82  scheduler.o(i.Scheduler_GetDueTasks)
    Scheduler_Init                           0x08002ffd   Thumb Code    18  scheduler.o(i.Scheduler_Init)
    Sensor_Init                              0x08003021   Thumb Code     2  sensor.o(i.Sensor_Init)
    Sensor_ReadFast                          0x08003023   Thumb Code    24  sensor.o(i.Sensor_ReadFast)
    Sensor_ReadSlow                          0x0800303b   Thumb Code    36  sensor.o(i.Sensor_ReadSlow)
    SysTick_Handler                          0x08003149   Thumb Code     8  stm32f10x_it.o(i.SysTick_Handler)
    SystemInit                               0x08003151   Thumb Code    78  system_stm32f10x.o(i.SystemInit)
    USART1_IRQHandler                        0x080031b1   Thumb Code    68  drivers_port.o(i.USART1_IRQHandler)
    USART_ClearITPendingBit                  0x08003205   Thumb Code    30  stm32f10x_usart.o(i.USART_ClearITPendingBit)
    USART_Cmd                                0x08003223   Thumb Code    24  stm32f10x_usart.o(i.USART_Cmd)
    USART_GetFlagStatus                      0x0800323b   Thumb Code    26  stm32f10x_usart.o(i.USART_GetFlagStatus)
    USART_GetITStatus                        0x08003255   Thumb Code    84  stm32f10x_usart.o(i.USART_GetITStatus)
    USART_ITConfig                           0x080032a9   Thumb Code    74  stm32f10x_usart.o(i.USART_ITConfig)
    USART_Init                               0x080032f5   Thumb Code   210  stm32f10x_usart.o(i.USART_Init)
    USART_ReceiveData                        0x080033cd   Thumb Code    10  stm32f10x_usart.o(i.USART_ReceiveData)
    USART_SendData                           0x080033d7   Thumb Code     8  stm32f10x_usart.o(i.USART_SendData)
    UsageFault_Handler                       0x080033df   Thumb Code     4  stm32f10x_it.o(i.UsageFault_Handler)
    __ARM_fpclassify                         0x080033e3   Thumb Code    40  fpclassify.o(i.__ARM_fpclassify)
    _is_digit                                0x0800340b   Thumb Code    14  __printf_wp.o(i._is_digit)
    main                                     0x08003989   Thumb Code    12  main.o(i.main)
    _get_lc_numeric                          0x08003d95   Thumb Code    44  lc_numeric_c.o(locale$$code)
    _get_lc_ctype                            0x08003dc1   Thumb Code    44  lc_ctype_c.o(locale$$code)
    _printf_fp_dec                           0x08003ded   Thumb Code     4  printf1.o(x$fpl$printf1)
    _printf_fp_hex                           0x08003df1   Thumb Code     4  printf2.o(x$fpl$printf2)
    OLED_F8x16                               0x08003df4   Data        1520  oled.o(.constdata)
    __I$use$fp                               0x08003df4   Number         0  usenofp.o(x$fpl$usenofp)
    Region$$Table$$Base                      0x080044e0   Number         0  anon$$obj.o(Region$$Table)
    Region$$Table$$Limit                     0x08004500   Number         0  anon$$obj.o(Region$$Table)
    __ctype                                  0x08004529   Data           0  lc_ctype_c.o(locale$$data)
    SystemCoreClock                          0x20000000   Data           4  system_stm32f10x.o(.data)
    AHBPrescTable                            0x20000004   Data          16  system_stm32f10x.o(.data)
    __libspace_start                         0x2000018c   Data          96  libspace.o(.bss)
    __temporary_stack_top$libspace           0x200001ec   Data           0  libspace.o(.bss)



==============================================================================

Memory Map of the image

  Image Entry point : 0x080000ed

  Load Region LR_IROM1 (Base: 0x08000000, Size: 0x00004690, Max: 0x00010000, ABSOLUTE)

    Execution Region ER_IROM1 (Exec base: 0x08000000, Load base: 0x08000000, Size: 0x0000462c, Max: 0x00010000, ABSOLUTE)

    Exec Addr    Load Addr    Size         Type   Attr      Idx    E Section Name        Object

    0x08000000   0x08000000   0x000000ec   Data   RO            3    RESET               startup_stm32f10x_md.o
    0x080000ec   0x080000ec   0x00000008   Code   RO         3926  * !!!main             c_w.l(__main.o)
    0x080000f4   0x080000f4   0x00000034   Code   RO         4255    !!!scatter          c_w.l(__scatter.o)
    0x08000128   0x08000128   0x0000001a   Code   RO         4257    !!handler_copy      c_w.l(__scatter_copy.o)
    0x08000142   0x08000142   0x00000002   PAD
    0x08000144   0x08000144   0x0000001c   Code   RO         4259    !!handler_zi        c_w.l(__scatter_zi.o)
    0x08000160   0x08000160   0x00000000   Code   RO         4012    .ARM.Collect$$_printf_percent$$00000000  c_w.l(_printf_percent.o)
    0x08000160   0x08000160   0x00000006   Code   RO         4001    .ARM.Collect$$_printf_percent$$00000001  c_w.l(_printf_n.o)
    0x08000166   0x08000166   0x00000006   Code   RO         4003    .ARM.Collect$$_printf_percent$$00000002  c_w.l(_printf_p.o)
    0x0800016c   0x0800016c   0x00000006   Code   RO         4008    .ARM.Collect$$_printf_percent$$00000003  c_w.l(_printf_f.o)
    0x08000172   0x08000172   0x00000006   Code   RO         4009    .ARM.Collect$$_printf_percent$$00000004  c_w.l(_printf_e.o)
    0x08000178   0x08000178   0x00000006   Code   RO         4010    .ARM.Collect$$_printf_percent$$00000005  c_w.l(_printf_g.o)
    0x0800017e   0x0800017e   0x00000006   Code   RO         4011    .ARM.Collect$$_printf_percent$$00000006  c_w.l(_printf_a.o)
    0x08000184   0x08000184   0x0000000a   Code   RO         4016    .ARM.Collect$$_printf_percent$$00000007  c_w.l(_printf_ll.o)
    0x0800018e   0x0800018e   0x00000006   Code   RO         4005    .ARM.Collect$$_printf_percent$$00000008  c_w.l(_printf_i.o)
    0x08000194   0x08000194   0x00000006   Code   RO         4006    .ARM.Collect$$_printf_percent$$00000009  c_w.l(_printf_d.o)
    0x0800019a   0x0800019a   0x00000006   Code   RO         4007    .ARM.Collect$$_printf_percent$$0000000A  c_w.l(_printf_u.o)
    0x080001a0   0x080001a0   0x00000006   Code   RO         4004    .ARM.Collect$$_printf_percent$$0000000B  c_w.l(_printf_o.o)
    0x080001a6   0x080001a6   0x00000006   Code   RO         4002    .ARM.Collect$$_printf_percent$$0000000C  c_w.l(_printf_x.o)
    0x080001ac   0x080001ac   0x00000006   Code   RO         4013    .ARM.Collect$$_printf_percent$$0000000D  c_w.l(_printf_lli.o)
    0x080001b2   0x080001b2   0x00000006   Code   RO         4014    .ARM.Collect$$_printf_percent$$0000000E  c_w.l(_printf_lld.o)
    0x080001b8   0x080001b8   0x00000006   Code   RO         4015    .ARM.Collect$$_printf_percent$$0000000F  c_w.l(_printf_llu.o)
    0x080001be   0x080001be   0x00000006   Code   RO         4020    .ARM.Collect$$_printf_percent$$00000010  c_w.l(_printf_llo.o)
    0x080001c4   0x080001c4   0x00000006   Code   RO         4021    .ARM.Collect$$_printf_percent$$00000011  c_w.l(_printf_llx.o)
    0x080001ca   0x080001ca   0x0000000a   Code   RO         4017    .ARM.Collect$$_printf_percent$$00000012  c_w.l(_printf_l.o)
    0x080001d4   0x080001d4   0x00000006   Code   RO         3999    .ARM.Collect$$_printf_percent$$00000013  c_w.l(_printf_c.o)
    0x080001da   0x080001da   0x00000006   Code   RO         4000    .ARM.Collect$$_printf_percent$$00000014  c_w.l(_printf_s.o)
    0x080001e0   0x080001e0   0x00000006   Code   RO         4018    .ARM.Collect$$_printf_percent$$00000015  c_w.l(_printf_lc.o)
    0x080001e6   0x080001e6   0x00000006   Code   RO         4019    .ARM.Collect$$_printf_percent$$00000016  c_w.l(_printf_ls.o)
    0x080001ec   0x080001ec   0x00000004   Code   RO         4064    .ARM.Collect$$_printf_percent$$00000017  c_w.l(_printf_percent_end.o)
    0x080001f0   0x080001f0   0x00000002   Code   RO         4113    .ARM.Collect$$libinit$$00000000  c_w.l(libinit.o)
    0x080001f2   0x080001f2   0x00000000   Code   RO         4130    .ARM.Collect$$libinit$$00000002  c_w.l(libinit2.o)
    0x080001f2   0x080001f2   0x00000000   Code   RO         4132    .ARM.Collect$$libinit$$00000004  c_w.l(libinit2.o)
    0x080001f2   0x080001f2   0x00000000   Code   RO         4135    .ARM.Collect$$libinit$$0000000A  c_w.l(libinit2.o)
    0x080001f2   0x080001f2   0x00000000   Code   RO         4137    .ARM.Collect$$libinit$$0000000C  c_w.l(libinit2.o)
    0x080001f2   0x080001f2   0x00000000   Code   RO         4139    .ARM.Collect$$libinit$$0000000E  c_w.l(libinit2.o)
    0x080001f2   0x080001f2   0x00000006   Code   RO         4140    .ARM.Collect$$libinit$$0000000F  c_w.l(libinit2.o)
    0x080001f8   0x080001f8   0x00000000   Code   RO         4142    .ARM.Collect$$libinit$$00000011  c_w.l(libinit2.o)
    0x080001f8   0x080001f8   0x0000000c   Code   RO         4143    .ARM.Collect$$libinit$$00000012  c_w.l(libinit2.o)
    0x08000204   0x08000204   0x00000000   Code   RO         4144    .ARM.Collect$$libinit$$00000013  c_w.l(libinit2.o)
    0x08000204   0x08000204   0x00000000   Code   RO         4146    .ARM.Collect$$libinit$$00000015  c_w.l(libinit2.o)
    0x08000204   0x08000204   0x0000000a   Code   RO         4147    .ARM.Collect$$libinit$$00000016  c_w.l(libinit2.o)
    0x0800020e   0x0800020e   0x00000000   Code   RO         4148    .ARM.Collect$$libinit$$00000017  c_w.l(libinit2.o)
    0x0800020e   0x0800020e   0x00000000   Code   RO         4150    .ARM.Collect$$libinit$$00000019  c_w.l(libinit2.o)
    0x0800020e   0x0800020e   0x00000000   Code   RO         4152    .ARM.Collect$$libinit$$0000001B  c_w.l(libinit2.o)
    0x0800020e   0x0800020e   0x00000000   Code   RO         4154    .ARM.Collect$$libinit$$0000001D  c_w.l(libinit2.o)
    0x0800020e   0x0800020e   0x00000000   Code   RO         4156    .ARM.Collect$$libinit$$0000001F  c_w.l(libinit2.o)
    0x0800020e   0x0800020e   0x00000000   Code   RO         4158    .ARM.Collect$$libinit$$00000021  c_w.l(libinit2.o)
    0x0800020e   0x0800020e   0x00000000   Code   RO         4160    .ARM.Collect$$libinit$$00000023  c_w.l(libinit2.o)
    0x0800020e   0x0800020e   0x00000000   Code   RO         4162    .ARM.Collect$$libinit$$00000025  c_w.l(libinit2.o)
    0x0800020e   0x0800020e   0x00000000   Code   RO         4166    .ARM.Collect$$libinit$$0000002C  c_w.l(libinit2.o)
    0x0800020e   0x0800020e   0x00000000   Code   RO         4168    .ARM.Collect$$libinit$$0000002E  c_w.l(libinit2.o)
    0x0800020e   0x0800020e   0x00000000   Code   RO         4170    .ARM.Collect$$libinit$$00000030  c_w.l(libinit2.o)
    0x0800020e   0x0800020e   0x00000000   Code   RO         4172    .ARM.Collect$$libinit$$00000032  c_w.l(libinit2.o)
    0x0800020e   0x0800020e   0x00000002   Code   RO         4173    .ARM.Collect$$libinit$$00000033  c_w.l(libinit2.o)
    0x08000210   0x08000210   0x00000002   Code   RO         4193    .ARM.Collect$$libshutdown$$00000000  c_w.l(libshutdown.o)
    0x08000212   0x08000212   0x00000000   Code   RO         4206    .ARM.Collect$$libshutdown$$00000002  c_w.l(libshutdown2.o)
    0x08000212   0x08000212   0x00000000   Code   RO         4208    .ARM.Collect$$libshutdown$$00000004  c_w.l(libshutdown2.o)
    0x08000212   0x08000212   0x00000000   Code   RO         4210    .ARM.Collect$$libshutdown$$00000006  c_w.l(libshutdown2.o)
    0x08000212   0x08000212   0x00000000   Code   RO         4213    .ARM.Collect$$libshutdown$$00000009  c_w.l(libshutdown2.o)
    0x08000212   0x08000212   0x00000000   Code   RO         4216    .ARM.Collect$$libshutdown$$0000000C  c_w.l(libshutdown2.o)
    0x08000212   0x08000212   0x00000000   Code   RO         4218    .ARM.Collect$$libshutdown$$0000000E  c_w.l(libshutdown2.o)
    0x08000212   0x08000212   0x00000000   Code   RO         4221    .ARM.Collect$$libshutdown$$00000011  c_w.l(libshutdown2.o)
    0x08000212   0x08000212   0x00000002   Code   RO         4222    .ARM.Collect$$libshutdown$$00000012  c_w.l(libshutdown2.o)
    0x08000214   0x08000214   0x00000000   Code   RO         3928    .ARM.Collect$$rtentry$$00000000  c_w.l(__rtentry.o)
    0x08000214   0x08000214   0x00000000   Code   RO         4035    .ARM.Collect$$rtentry$$00000002  c_w.l(__rtentry2.o)
    0x08000214   0x08000214   0x00000006   Code   RO         4047    .ARM.Collect$$rtentry$$00000004  c_w.l(__rtentry4.o)
    0x0800021a   0x0800021a   0x00000000   Code   RO         4037    .ARM.Collect$$rtentry$$00000009  c_w.l(__rtentry2.o)
    0x0800021a   0x0800021a   0x00000004   Code   RO         4038    .ARM.Collect$$rtentry$$0000000A  c_w.l(__rtentry2.o)
    0x0800021e   0x0800021e   0x00000000   Code   RO         4040    .ARM.Collect$$rtentry$$0000000C  c_w.l(__rtentry2.o)
    0x0800021e   0x0800021e   0x00000008   Code   RO         4041    .ARM.Collect$$rtentry$$0000000D  c_w.l(__rtentry2.o)
    0x08000226   0x08000226   0x00000002   Code   RO         4122    .ARM.Collect$$rtexit$$00000000  c_w.l(rtexit.o)
    0x08000228   0x08000228   0x00000000   Code   RO         4175    .ARM.Collect$$rtexit$$00000002  c_w.l(rtexit2.o)
    0x08000228   0x08000228   0x00000004   Code   RO         4176    .ARM.Collect$$rtexit$$00000003  c_w.l(rtexit2.o)
    0x0800022c   0x0800022c   0x00000006   Code   RO         4177    .ARM.Collect$$rtexit$$00000004  c_w.l(rtexit2.o)
    0x08000232   0x08000232   0x00000002   PAD
    0x08000234   0x08000234   0x00000040   Code   RO            4    .text               startup_stm32f10x_md.o
    0x08000274   0x08000274   0x00000034   Code   RO         3914    .text               c_w.l(vsnprintf.o)
    0x080002a8   0x080002a8   0x00000058   Code   RO         3916    .text               c_w.l(memcmp.o)
    0x08000300   0x08000300   0x0000003e   Code   RO         3918    .text               c_w.l(strlen.o)
    0x0800033e   0x0800033e   0x0000008a   Code   RO         3920    .text               c_w.l(rt_memcpy_v6.o)
    0x080003c8   0x080003c8   0x00000044   Code   RO         3922    .text               c_w.l(rt_memclr.o)
    0x0800040c   0x0800040c   0x00000006   Code   RO         3924    .text               c_w.l(heapauxi.o)
    0x08000412   0x08000412   0x0000004e   Code   RO         3931    .text               c_w.l(_printf_pad.o)
    0x08000460   0x08000460   0x00000024   Code   RO         3933    .text               c_w.l(_printf_truncate.o)
    0x08000484   0x08000484   0x00000052   Code   RO         3935    .text               c_w.l(_printf_str.o)
    0x080004d6   0x080004d6   0x00000002   PAD
    0x080004d8   0x080004d8   0x00000078   Code   RO         3937    .text               c_w.l(_printf_dec.o)
    0x08000550   0x08000550   0x00000028   Code   RO         3939    .text               c_w.l(_printf_charcount.o)
    0x08000578   0x08000578   0x00000030   Code   RO         3941    .text               c_w.l(_printf_char_common.o)
    0x080005a8   0x080005a8   0x0000000a   Code   RO         3943    .text               c_w.l(_sputc.o)
    0x080005b2   0x080005b2   0x00000010   Code   RO         3945    .text               c_w.l(_snputc.o)
    0x080005c2   0x080005c2   0x00000002   PAD
    0x080005c4   0x080005c4   0x000000bc   Code   RO         3947    .text               c_w.l(_printf_wctomb.o)
    0x08000680   0x08000680   0x0000007c   Code   RO         3950    .text               c_w.l(_printf_longlong_dec.o)
    0x080006fc   0x080006fc   0x00000070   Code   RO         3956    .text               c_w.l(_printf_oct_int_ll.o)
    0x0800076c   0x0800076c   0x00000094   Code   RO         3976    .text               c_w.l(_printf_hex_int_ll_ptr.o)
    0x08000800   0x08000800   0x00000188   Code   RO         3996    .text               c_w.l(__printf_flags_ss_wp.o)
    0x08000988   0x08000988   0x00000064   Code   RO         4022    .text               c_w.l(rt_memcpy_w.o)
    0x080009ec   0x080009ec   0x0000004e   Code   RO         4024    .text               c_w.l(rt_memclr_w.o)
    0x08000a3a   0x08000a3a   0x0000008a   Code   RO         4049    .text               c_w.l(lludiv10.o)
    0x08000ac4   0x08000ac4   0x000000b2   Code   RO         4051    .text               c_w.l(_printf_intcommon.o)
    0x08000b76   0x08000b76   0x0000041e   Code   RO         4053    .text               c_w.l(_printf_fp_dec.o)
    0x08000f94   0x08000f94   0x000002fc   Code   RO         4055    .text               c_w.l(_printf_fp_hex.o)
    0x08001290   0x08001290   0x0000002c   Code   RO         4060    .text               c_w.l(_printf_char.o)
    0x080012bc   0x080012bc   0x0000002c   Code   RO         4062    .text               c_w.l(_printf_wchar.o)
    0x080012e8   0x080012e8   0x00000040   Code   RO         4065    .text               c_w.l(_wcrtomb.o)
    0x08001328   0x08001328   0x0000004a   Code   RO         4067    .text               c_w.l(sys_stackheap_outer.o)
    0x08001372   0x08001372   0x00000002   PAD
    0x08001374   0x08001374   0x00000010   Code   RO         4069    .text               c_w.l(rt_ctype_table.o)
    0x08001384   0x08001384   0x00000008   Code   RO         4074    .text               c_w.l(rt_locale_intlibspace.o)
    0x0800138c   0x0800138c   0x00000080   Code   RO         4076    .text               c_w.l(_printf_fp_infnan.o)
    0x0800140c   0x0800140c   0x000000e4   Code   RO         4078    .text               c_w.l(bigflt0.o)
    0x080014f0   0x080014f0   0x00000012   Code   RO         4106    .text               c_w.l(exit.o)
    0x08001502   0x08001502   0x00000002   PAD
    0x08001504   0x08001504   0x00000008   Code   RO         4119    .text               c_w.l(libspace.o)
    0x0800150c   0x0800150c   0x00000080   Code   RO         4127    .text               c_w.l(strcmpv7m.o)
    0x0800158c   0x0800158c   0x0000000c   Code   RO         4185    .text               c_w.l(sys_exit.o)
    0x08001598   0x08001598   0x00000002   Code   RO         4196    .text               c_w.l(use_no_semi.o)
    0x0800159a   0x0800159a   0x00000000   Code   RO         4198    .text               c_w.l(indicate_semi.o)
    0x0800159a   0x0800159a   0x0000003e   Code   RO         4081    CL$$btod_d2e        c_w.l(btod.o)
    0x080015d8   0x080015d8   0x00000046   Code   RO         4083    CL$$btod_d2e_denorm_low  c_w.l(btod.o)
    0x0800161e   0x0800161e   0x00000060   Code   RO         4082    CL$$btod_d2e_norm_op1  c_w.l(btod.o)
    0x0800167e   0x0800167e   0x00000338   Code   RO         4091    CL$$btod_div_common  c_w.l(btod.o)
    0x080019b6   0x080019b6   0x000000dc   Code   RO         4088    CL$$btod_e2e        c_w.l(btod.o)
    0x08001a92   0x08001a92   0x0000002a   Code   RO         4085    CL$$btod_ediv       c_w.l(btod.o)
    0x08001abc   0x08001abc   0x0000002a   Code   RO         4084    CL$$btod_emul       c_w.l(btod.o)
    0x08001ae6   0x08001ae6   0x00000244   Code   RO         4090    CL$$btod_mult_common  c_w.l(btod.o)
    0x08001d2a   0x08001d2a   0x00000016   Code   RO          202    i.ADC_Cmd           stm32f10x_adc.o
    0x08001d40   0x08001d40   0x0000005c   Code   RO          204    i.ADC_DeInit        stm32f10x_adc.o
    0x08001d9c   0x08001d9c   0x00000014   Code   RO          210    i.ADC_GetCalibrationStatus  stm32f10x_adc.o
    0x08001db0   0x08001db0   0x00000008   Code   RO          211    i.ADC_GetConversionValue  stm32f10x_adc.o
    0x08001db8   0x08001db8   0x00000012   Code   RO          213    i.ADC_GetFlagStatus  stm32f10x_adc.o
    0x08001dca   0x08001dca   0x00000014   Code   RO          216    i.ADC_GetResetCalibrationStatus  stm32f10x_adc.o
    0x08001dde   0x08001dde   0x00000002   PAD
    0x08001de0   0x08001de0   0x00000050   Code   RO          220    i.ADC_Init          stm32f10x_adc.o
    0x08001e30   0x08001e30   0x000000b8   Code   RO          224    i.ADC_RegularChannelConfig  stm32f10x_adc.o
    0x08001ee8   0x08001ee8   0x0000000a   Code   RO          225    i.ADC_ResetCalibration  stm32f10x_adc.o
    0x08001ef2   0x08001ef2   0x00000016   Code   RO          227    i.ADC_SoftwareStartConvCmd  stm32f10x_adc.o
    0x08001f08   0x08001f08   0x0000000a   Code   RO          229    i.ADC_StartCalibration  stm32f10x_adc.o
    0x08001f12   0x08001f12   0x00000002   PAD
    0x08001f14   0x08001f14   0x00000058   Code   RO         3700    i.Air780E_Init      air780e_sms.o
    0x08001f6c   0x08001f6c   0x00000050   Code   RO         3701    i.Air780E_SendSms   air780e_sms.o
    0x08001fbc   0x08001fbc   0x00000008   Code   RO         3553    i.AlarmLogic_Init   alarm_logic.o
    0x08001fc4   0x08001fc4   0x0000005e   Code   RO         3554    i.AlarmLogic_Update  alarm_logic.o
    0x08002022   0x08002022   0x00000004   Code   RO         3211    i.BusFault_Handler  stm32f10x_it.o
    0x08002026   0x08002026   0x00000002   PAD
    0x08002028   0x08002028   0x00000018   Code   RO         3661    i.CommUart_Init     comm_uart.o
    0x08002040   0x08002040   0x00000038   Code   RO         3662    i.CommUart_Poll     comm_uart.o
    0x08002078   0x08002078   0x00000010   Code   RO         3663    i.CommUart_SendToAirRaw  comm_uart.o
    0x08002088   0x08002088   0x00000016   Code   RO         3664    i.CommUart_SendToAirText  comm_uart.o
    0x0800209e   0x0800209e   0x0000002a   Code   RO         3665    i.CommUart_SendToEsp  comm_uart.o
    0x080020c8   0x080020c8   0x00000002   Code   RO         3212    i.DebugMon_Handler  stm32f10x_it.o
    0x080020ca   0x080020ca   0x00000002   PAD
    0x080020cc   0x080020cc   0x0000000c   Code   RO         3723    i.Drivers_GetMs     drivers_port.o
    0x080020d8   0x080020d8   0x00000078   Code   RO         3724    i.Drivers_Init      drivers_port.o
    0x08002150   0x08002150   0x00000004   Code   RO         3725    i.Drivers_IsNightTime  drivers_port.o
    0x08002154   0x08002154   0x0000006c   Code   RO         3726    i.Drivers_KeyReadRaw  drivers_port.o
    0x080021c0   0x080021c0   0x00000008   Code   RO         3727    i.Drivers_OledClear  drivers_port.o
    0x080021c8   0x080021c8   0x00000002   Code   RO         3728    i.Drivers_OledFlush  drivers_port.o
    0x080021ca   0x080021ca   0x00000054   Code   RO         3729    i.Drivers_OledPrint  drivers_port.o
    0x0800221e   0x0800221e   0x00000002   PAD
    0x08002220   0x08002220   0x00000120   Code   RO         3730    i.Drivers_ReadDht11  drivers_port.o
    0x08002340   0x08002340   0x0000001c   Code   RO         3731    i.Drivers_ReadFlame  drivers_port.o
    0x0800235c   0x0800235c   0x0000001c   Code   RO         3732    i.Drivers_ReadIntrusion  drivers_port.o
    0x08002378   0x08002378   0x0000003c   Code   RO         3733    i.Drivers_ReadMq2Adc  drivers_port.o
    0x080023b4   0x080023b4   0x00000020   Code   RO         3734    i.Drivers_SetBuzzer  drivers_port.o
    0x080023d4   0x080023d4   0x00000020   Code   RO         3735    i.Drivers_SetRelay  drivers_port.o
    0x080023f4   0x080023f4   0x00000010   Code   RO         3736    i.Drivers_TickInc   drivers_port.o
    0x08002404   0x08002404   0x0000003c   Code   RO         3737    i.Drivers_Uart1_ReadByte  drivers_port.o
    0x08002440   0x08002440   0x00000018   Code   RO         3738    i.Drivers_Uart1_Send  drivers_port.o
    0x08002458   0x08002458   0x00000018   Code   RO         3739    i.Drivers_Uart2_Send  drivers_port.o
    0x08002470   0x08002470   0x00000116   Code   RO         1347    i.GPIO_Init         stm32f10x_gpio.o
    0x08002586   0x08002586   0x00000002   PAD
    0x08002588   0x08002588   0x00000090   Code   RO         1349    i.GPIO_PinRemapConfig  stm32f10x_gpio.o
    0x08002618   0x08002618   0x00000012   Code   RO         1351    i.GPIO_ReadInputDataBit  stm32f10x_gpio.o
    0x0800262a   0x0800262a   0x00000004   Code   RO         1354    i.GPIO_ResetBits    stm32f10x_gpio.o
    0x0800262e   0x0800262e   0x00000004   Code   RO         1355    i.GPIO_SetBits      stm32f10x_gpio.o
    0x08002632   0x08002632   0x0000000a   Code   RO         1358    i.GPIO_WriteBit     stm32f10x_gpio.o
    0x0800263c   0x0800263c   0x00000004   Code   RO         3213    i.HardFault_Handler  stm32f10x_it.o
    0x08002640   0x08002640   0x0000003c   Code   RO         3382    i.HomeDevice_AppInit  home_device_app.o
    0x0800267c   0x0800267c   0x00000084   Code   RO         3383    i.HomeDevice_AppLoop  home_device_app.o
    0x08002700   0x08002700   0x00000008   Code   RO         3384    i.HomeDevice_Tick1ms  home_device_app.o
    0x08002708   0x08002708   0x00000020   Code   RO         3595    i.KeyInput_Init     key_input.o
    0x08002728   0x08002728   0x0000006c   Code   RO         3596    i.KeyInput_Scan     key_input.o
    0x08002794   0x08002794   0x00000004   Code   RO         3214    i.MemManage_Handler  stm32f10x_it.o
    0x08002798   0x08002798   0x00000002   Code   RO         3215    i.NMI_Handler       stm32f10x_it.o
    0x0800279a   0x0800279a   0x00000002   PAD
    0x0800279c   0x0800279c   0x00000070   Code   RO          137    i.NVIC_Init         misc.o
    0x0800280c   0x0800280c   0x0000002a   Code   RO         3274    i.OLED_Clear        oled.o
    0x08002836   0x08002836   0x00000002   PAD
    0x08002838   0x08002838   0x00000050   Code   RO         3275    i.OLED_I2C_Init     oled.o
    0x08002888   0x08002888   0x00000054   Code   RO         3276    i.OLED_I2C_SendByte  oled.o
    0x080028dc   0x080028dc   0x00000034   Code   RO         3277    i.OLED_I2C_Start    oled.o
    0x08002910   0x08002910   0x00000028   Code   RO         3278    i.OLED_I2C_Stop     oled.o
    0x08002938   0x08002938   0x000000ae   Code   RO         3279    i.OLED_Init         oled.o
    0x080029e6   0x080029e6   0x00000022   Code   RO         3281    i.OLED_SetCursor    oled.o
    0x08002a08   0x08002a08   0x00000074   Code   RO         3283    i.OLED_ShowChar     oled.o
    0x08002a7c   0x08002a7c   0x00000028   Code   RO         3287    i.OLED_ShowString   oled.o
    0x08002aa4   0x08002aa4   0x00000020   Code   RO         3288    i.OLED_WriteCommand  oled.o
    0x08002ac4   0x08002ac4   0x00000020   Code   RO         3289    i.OLED_WriteData    oled.o
    0x08002ae4   0x08002ae4   0x00000098   Code   RO         3615    i.OledUi_Init       oled_ui.o
    0x08002b7c   0x08002b7c   0x00000180   Code   RO         3616    i.OledUi_Show       oled_ui.o
    0x08002cfc   0x08002cfc   0x00000002   Code   RO         3216    i.PendSV_Handler    stm32f10x_it.o
    0x08002cfe   0x08002cfe   0x00000056   Code   RO         3503    i.Protocol_BuildFrame  protocol.o
    0x08002d54   0x08002d54   0x0000001e   Code   RO         3504    i.Protocol_Checksum  protocol.o
    0x08002d72   0x08002d72   0x00000008   Code   RO         3505    i.Protocol_InitParser  protocol.o
    0x08002d7a   0x08002d7a   0x000000ce   Code   RO         3506    i.Protocol_PushByte  protocol.o
    0x08002e48   0x08002e48   0x00000018   Code   RO         1773    i.RCC_ADCCLKConfig  stm32f10x_rcc.o
    0x08002e60   0x08002e60   0x00000020   Code   RO         1775    i.RCC_APB1PeriphClockCmd  stm32f10x_rcc.o
    0x08002e80   0x08002e80   0x00000020   Code   RO         1777    i.RCC_APB2PeriphClockCmd  stm32f10x_rcc.o
    0x08002ea0   0x08002ea0   0x00000020   Code   RO         1778    i.RCC_APB2PeriphResetCmd  stm32f10x_rcc.o
    0x08002ec0   0x08002ec0   0x000000d4   Code   RO         1785    i.RCC_GetClocksFreq  stm32f10x_rcc.o
    0x08002f94   0x08002f94   0x00000002   Code   RO         3217    i.SVC_Handler       stm32f10x_it.o
    0x08002f96   0x08002f96   0x00000002   PAD
    0x08002f98   0x08002f98   0x00000064   Code   RO         3533    i.Scheduler_GetDueTasks  scheduler.o
    0x08002ffc   0x08002ffc   0x00000024   Code   RO         3534    i.Scheduler_Init    scheduler.o
    0x08003020   0x08003020   0x00000002   Code   RO         3571    i.Sensor_Init       sensor.o
    0x08003022   0x08003022   0x00000018   Code   RO         3572    i.Sensor_ReadFast   sensor.o
    0x0800303a   0x0800303a   0x00000024   Code   RO         3573    i.Sensor_ReadSlow   sensor.o
    0x0800305e   0x0800305e   0x00000008   Code   RO           24    i.SetSysClock       system_stm32f10x.o
    0x08003066   0x08003066   0x00000002   PAD
    0x08003068   0x08003068   0x000000e0   Code   RO           25    i.SetSysClockTo72   system_stm32f10x.o
    0x08003148   0x08003148   0x00000008   Code   RO         3218    i.SysTick_Handler   stm32f10x_it.o
    0x08003150   0x08003150   0x00000060   Code   RO           27    i.SystemInit        system_stm32f10x.o
    0x080031b0   0x080031b0   0x00000054   Code   RO         3740    i.USART1_IRQHandler  drivers_port.o
    0x08003204   0x08003204   0x0000001e   Code   RO         2957    i.USART_ClearITPendingBit  stm32f10x_usart.o
    0x08003222   0x08003222   0x00000018   Code   RO         2960    i.USART_Cmd         stm32f10x_usart.o
    0x0800323a   0x0800323a   0x0000001a   Code   RO         2963    i.USART_GetFlagStatus  stm32f10x_usart.o
    0x08003254   0x08003254   0x00000054   Code   RO         2964    i.USART_GetITStatus  stm32f10x_usart.o
    0x080032a8   0x080032a8   0x0000004a   Code   RO         2966    i.USART_ITConfig    stm32f10x_usart.o
    0x080032f2   0x080032f2   0x00000002   PAD
    0x080032f4   0x080032f4   0x000000d8   Code   RO         2967    i.USART_Init        stm32f10x_usart.o
    0x080033cc   0x080033cc   0x0000000a   Code   RO         2974    i.USART_ReceiveData  stm32f10x_usart.o
    0x080033d6   0x080033d6   0x00000008   Code   RO         2977    i.USART_SendData    stm32f10x_usart.o
    0x080033de   0x080033de   0x00000004   Code   RO         3219    i.UsageFault_Handler  stm32f10x_it.o
    0x080033e2   0x080033e2   0x00000028   Code   RO         4117    i.__ARM_fpclassify  m_ws.l(fpclassify.o)
    0x0800340a   0x0800340a   0x0000000e   Code   RO         3989    i._is_digit         c_w.l(__printf_wp.o)
    0x08003418   0x08003418   0x00000080   Code   RO         3741    i.adc1_init         drivers_port.o
    0x08003498   0x08003498   0x00000068   Code   RO         3385    i.apply_outputs     home_device_app.o
    0x08003500   0x08003500   0x00000028   Code   RO         3742    i.dht11_cycle_counter_init  drivers_port.o
    0x08003528   0x08003528   0x0000001c   Code   RO         3743    i.dht11_cycles_per_us  drivers_port.o
    0x08003544   0x08003544   0x00000024   Code   RO         3744    i.dht11_delay_us    drivers_port.o
    0x08003568   0x08003568   0x00000024   Code   RO         3745    i.dht11_pin_input   drivers_port.o
    0x0800358c   0x0800358c   0x00000024   Code   RO         3746    i.dht11_pin_output  drivers_port.o
    0x080035b0   0x080035b0   0x0000001c   Code   RO         3747    i.dht11_read_pin    drivers_port.o
    0x080035cc   0x080035cc   0x00000038   Code   RO         3748    i.dht11_wait_until  drivers_port.o
    0x08003604   0x08003604   0x00000050   Code   RO         3749    i.dht11_wait_while  drivers_port.o
    0x08003654   0x08003654   0x00000024   Code   RO         3386    i.effective_mode    home_device_app.o
    0x08003678   0x08003678   0x0000005c   Code   RO         3387    i.eval_logic        home_device_app.o
    0x080036d4   0x080036d4   0x00000088   Code   RO         3750    i.gpio_init         drivers_port.o
    0x0800375c   0x0800375c   0x000000ec   Code   RO         3388    i.handle_keys       home_device_app.o
    0x08003848   0x08003848   0x000000fc   Code   RO         3389    i.handle_rising_alarm  home_device_app.o
    0x08003944   0x08003944   0x00000044   Code   RO         3390    i.init_state        home_device_app.o
    0x08003988   0x08003988   0x0000000c   Code   RO         3196    i.main              main.o
    0x08003994   0x08003994   0x0000002c   Code   RO         3617    i.mode_text         oled_ui.o
    0x080039c0   0x080039c0   0x00000098   Code   RO         3391    i.on_frame_received  home_device_app.o
    0x08003a58   0x08003a58   0x0000001c   Code   RO         3392    i.send_ack          home_device_app.o
    0x08003a74   0x08003a74   0x00000040   Code   RO         3393    i.send_alarm_frame  home_device_app.o
    0x08003ab4   0x08003ab4   0x00000018   Code   RO         3702    i.send_line         air780e_sms.o
    0x08003acc   0x08003acc   0x00000068   Code   RO         3394    i.send_status_frame  home_device_app.o
    0x08003b34   0x08003b34   0x0000003e   Code   RO         3751    i.uart_send_bytes   drivers_port.o
    0x08003b72   0x08003b72   0x00000002   PAD
    0x08003b74   0x08003b74   0x00000060   Code   RO         3618    i.ui_flush_diff     oled_ui.o
    0x08003bd4   0x08003bd4   0x00000052   Code   RO         3619    i.ui_make_line      oled_ui.o
    0x08003c26   0x08003c26   0x00000002   PAD
    0x08003c28   0x08003c28   0x00000054   Code   RO         3395    i.update_smoke_filter  home_device_app.o
    0x08003c7c   0x08003c7c   0x000000a0   Code   RO         3752    i.usart1_init       drivers_port.o
    0x08003d1c   0x08003d1c   0x00000078   Code   RO         3753    i.usart2_init       drivers_port.o
    0x08003d94   0x08003d94   0x0000002c   Code   RO         4104    locale$$code        c_w.l(lc_numeric_c.o)
    0x08003dc0   0x08003dc0   0x0000002c   Code   RO         4125    locale$$code        c_w.l(lc_ctype_c.o)
    0x08003dec   0x08003dec   0x00000004   Code   RO         4026    x$fpl$printf1       fz_ws.l(printf1.o)
    0x08003df0   0x08003df0   0x00000004   Code   RO         4028    x$fpl$printf2       fz_ws.l(printf2.o)
    0x08003df4   0x08003df4   0x00000000   Code   RO         4116    x$fpl$usenofp       fz_ws.l(usenofp.o)
    0x08003df4   0x08003df4   0x000005f0   Data   RO         3290    .constdata          oled.o
    0x080043e4   0x080043e4   0x00000008   Data   RO         3948    .constdata          c_w.l(_printf_wctomb.o)
    0x080043ec   0x080043ec   0x00000028   Data   RO         3977    .constdata          c_w.l(_printf_hex_int_ll_ptr.o)
    0x08004414   0x08004414   0x00000011   Data   RO         3997    .constdata          c_w.l(__printf_flags_ss_wp.o)
    0x08004425   0x08004425   0x00000026   Data   RO         4056    .constdata          c_w.l(_printf_fp_hex.o)
    0x0800444b   0x0800444b   0x00000001   PAD
    0x0800444c   0x0800444c   0x00000094   Data   RO         4079    .constdata          c_w.l(bigflt0.o)
    0x080044e0   0x080044e0   0x00000020   Data   RO         4253    Region$$Table       anon$$obj.o
    0x08004500   0x08004500   0x0000001c   Data   RO         4103    locale$$data        c_w.l(lc_numeric_c.o)
    0x0800451c   0x0800451c   0x00000110   Data   RO         4124    locale$$data        c_w.l(lc_ctype_c.o)


    Execution Region RW_IRAM1 (Exec base: 0x20000000, Load base: 0x0800462c, Size: 0x000007f0, Max: 0x00005000, ABSOLUTE)

    Exec Addr    Load Addr    Size         Type   Attr      Idx    E Section Name        Object

    0x20000000   0x0800462c   0x00000014   Data   RW           28    .data               system_stm32f10x.o
    0x20000014   0x08004640   0x00000014   Data   RW         1805    .data               stm32f10x_rcc.o
    0x20000028   0x08004654   0x00000014   Data   RW         3397    .data               home_device_app.o
    0x2000003c   0x08004668   0x00000010   Data   RW         3535    .data               scheduler.o
    0x2000004c   0x08004678   0x00000008   Data   RW         3597    .data               key_input.o
    0x20000054   0x08004680   0x00000001   Data   RW         3621    .data               oled_ui.o
    0x20000055   0x08004681   0x00000003   PAD
    0x20000058   0x08004684   0x00000004   Data   RW         3667    .data               comm_uart.o
    0x2000005c   0x08004688   0x00000008   Data   RW         3755    .data               drivers_port.o
    0x20000064        -       0x0000001a   Zero   RW         3396    .bss                home_device_app.o
    0x2000007e        -       0x00000044   Zero   RW         3620    .bss                oled_ui.o
    0x200000c2        -       0x00000048   Zero   RW         3666    .bss                comm_uart.o
    0x2000010a        -       0x00000080   Zero   RW         3754    .bss                drivers_port.o
    0x2000018a   0x08004690   0x00000002   PAD
    0x2000018c        -       0x00000060   Zero   RW         4120    .bss                c_w.l(libspace.o)
    0x200001ec   0x08004690   0x00000004   PAD
    0x200001f0        -       0x00000200   Zero   RW            2    HEAP                startup_stm32f10x_md.o
    0x200003f0        -       0x00000400   Zero   RW            1    STACK               startup_stm32f10x_md.o


==============================================================================

Image component sizes


      Code (inc. data)   RO Data    RW Data    ZI Data      Debug   Object Name

       192         90          0          0          0       1753   air780e_sms.o
       102          0          0          0          0       1422   alarm_logic.o
       160         16          0          4         72       3190   comm_uart.o
         0          0          0          0          0       4532   core_cm3.o
      1960        196          0          8        128      32478   drivers_port.o
      1420        318          0         20         26      10399   home_device_app.o
       140         16          0          8          0       1536   key_input.o
        12          0          0          0          0        403   main.o
       112         12          0          0          0     213224   misc.o
       726         22       1520          0          0       6003   oled.o
       758        268          0          1         68       4060   oled_ui.o
       330          0          0          0          0       3152   protocol.o
       136         36          0         16          0       1265   scheduler.o
        62          0          0          0          0       1618   sensor.o
        64         26        236          0       1536        808   startup_stm32f10x_md.o
       486         24          0          0          0      18606   stm32f10x_adc.o
       458          6          0          0          0      13002   stm32f10x_gpio.o
        32          0          0          0          0       3626   stm32f10x_it.o
       332         44          0         20          0      13894   stm32f10x_rcc.o
       472          6          0          0          0      12311   stm32f10x_usart.o
       328         28          0         20          0      25045   system_stm32f10x.o

    ----------------------------------------------------------------------
      8308       1108       1788        100       1832     372327   Object Totals
         0          0         32          0          0          0   (incl. Generated)
        26          0          0          3          2          0   (incl. Padding)

    ----------------------------------------------------------------------

      Code (inc. data)   RO Data    RW Data    ZI Data      Debug   Library Member Name

         8          0          0          0          0         68   __main.o
       392          4         17          0          0         92   __printf_flags_ss_wp.o
        14          0          0          0          0         68   __printf_wp.o
         0          0          0          0          0          0   __rtentry.o
        12          0          0          0          0          0   __rtentry2.o
         6          0          0          0          0          0   __rtentry4.o
        52          8          0          0          0          0   __scatter.o
        26          0          0          0          0          0   __scatter_copy.o
        28          0          0          0          0          0   __scatter_zi.o
         6          0          0          0          0          0   _printf_a.o
         6          0          0          0          0          0   _printf_c.o
        44          0          0          0          0        108   _printf_char.o
        48          6          0          0          0         96   _printf_char_common.o
        40          0          0          0          0         68   _printf_charcount.o
         6          0          0          0          0          0   _printf_d.o
       120         16          0          0          0         92   _printf_dec.o
         6          0          0          0          0          0   _printf_e.o
         6          0          0          0          0          0   _printf_f.o
      1054          0          0          0          0        216   _printf_fp_dec.o
       764          8         38          0          0        100   _printf_fp_hex.o
       128         16          0          0          0         84   _printf_fp_infnan.o
         6          0          0          0          0          0   _printf_g.o
       148          4         40          0          0        160   _printf_hex_int_ll_ptr.o
         6          0          0          0          0          0   _printf_i.o
       178          0          0          0          0         88   _printf_intcommon.o
        10          0          0          0          0          0   _printf_l.o
         6          0          0          0          0          0   _printf_lc.o
        10          0          0          0          0          0   _printf_ll.o
         6          0          0          0          0          0   _printf_lld.o
         6          0          0          0          0          0   _printf_lli.o
         6          0          0          0          0          0   _printf_llo.o
         6          0          0          0          0          0   _printf_llu.o
         6          0          0          0          0          0   _printf_llx.o
       124         16          0          0          0         92   _printf_longlong_dec.o
         6          0          0          0          0          0   _printf_ls.o
         6          0          0          0          0          0   _printf_n.o
         6          0          0          0          0          0   _printf_o.o
       112         10          0          0          0        124   _printf_oct_int_ll.o
         6          0          0          0          0          0   _printf_p.o
        78          0          0          0          0        108   _printf_pad.o
         0          0          0          0          0          0   _printf_percent.o
         4          0          0          0          0          0   _printf_percent_end.o
         6          0          0          0          0          0   _printf_s.o
        82          0          0          0          0         80   _printf_str.o
        36          0          0          0          0         84   _printf_truncate.o
         6          0          0          0          0          0   _printf_u.o
        44          0          0          0          0        108   _printf_wchar.o
       188          6          8          0          0         92   _printf_wctomb.o
         6          0          0          0          0          0   _printf_x.o
        16          0          0          0          0         68   _snputc.o
        10          0          0          0          0         68   _sputc.o
        64          0          0          0          0         92   _wcrtomb.o
       228          4        148          0          0         96   bigflt0.o
      1936        128          0          0          0        672   btod.o
        18          0          0          0          0         80   exit.o
         6          0          0          0          0        152   heapauxi.o
         0          0          0          0          0          0   indicate_semi.o
        44         10        272          0          0         76   lc_ctype_c.o
        44         10         28          0          0         76   lc_numeric_c.o
         2          0          0          0          0          0   libinit.o
        30          0          0          0          0          0   libinit2.o
         2          0          0          0          0          0   libshutdown.o
         2          0          0          0          0          0   libshutdown2.o
         8          4          0          0         96         68   libspace.o
       138          0          0          0          0         80   lludiv10.o
        88          0          0          0          0         76   memcmp.o
        16          4          0          0          0         76   rt_ctype_table.o
         8          4          0          0          0         68   rt_locale_intlibspace.o
        68          0          0          0          0         68   rt_memclr.o
        78          0          0          0          0         80   rt_memclr_w.o
       138          0          0          0          0         68   rt_memcpy_v6.o
       100          0          0          0          0         80   rt_memcpy_w.o
         2          0          0          0          0          0   rtexit.o
        10          0          0          0          0          0   rtexit2.o
       128          0          0          0          0         68   strcmpv7m.o
        62          0          0          0          0         76   strlen.o
        12          4          0          0          0         68   sys_exit.o
        74          0          0          0          0         80   sys_stackheap_outer.o
         2          0          0          0          0         68   use_no_semi.o
        52          4          0          0          0         80   vsnprintf.o
         4          0          0          0          0         68   printf1.o
         4          0          0          0          0         68   printf2.o
         0          0          0          0          0          0   usenofp.o
        40          0          0          0          0         68   fpclassify.o

    ----------------------------------------------------------------------
      7316        266        552          0        100       4616   Library Totals
        12          0          1          0          4          0   (incl. Padding)

    ----------------------------------------------------------------------

      Code (inc. data)   RO Data    RW Data    ZI Data      Debug   Library Name

      7256        266        551          0         96       4412   c_w.l
         8          0          0          0          0        136   fz_ws.l
        40          0          0          0          0         68   m_ws.l

    ----------------------------------------------------------------------
      7316        266        552          0        100       4616   Library Totals

    ----------------------------------------------------------------------

==============================================================================


      Code (inc. data)   RO Data    RW Data    ZI Data      Debug   

     15624       1374       2340        100       1932     368047   Grand Totals
     15624       1374       2340        100       1932     368047   ELF Image Totals
     15624       1374       2340        100          0          0   ROM Totals

==============================================================================

    Total RO  Size (Code + RO Data)                17964 (  17.54kB)
    Total RW  Size (RW Data + ZI Data)              2032 (   1.98kB)
    Total ROM Size (Code + RO Data + RW Data)      18064 (  17.64kB)

==============================================================================

